Archive member included because of file (symbol)

c:/users/a7med/eclipse/embedcpp-2022-12/eclipse/winavr/bin/../lib/gcc/avr/4.3.3/avr5\libgcc.a(_mulsi3.o)
                              ./ADC.o (__mulsi3)
c:/users/a7med/eclipse/embedcpp-2022-12/eclipse/winavr/bin/../lib/gcc/avr/4.3.3/avr5\libgcc.a(_udivmodqi4.o)
                              ./APP.o (__udivmodqi4)
c:/users/a7med/eclipse/embedcpp-2022-12/eclipse/winavr/bin/../lib/gcc/avr/4.3.3/avr5\libgcc.a(_udivmodhi4.o)
                              ./APP.o (__udivmodhi4)
c:/users/a7med/eclipse/embedcpp-2022-12/eclipse/winavr/bin/../lib/gcc/avr/4.3.3/avr5\libgcc.a(_divmodhi4.o)
                              ./APP.o (__divmodhi4)
c:/users/a7med/eclipse/embedcpp-2022-12/eclipse/winavr/bin/../lib/gcc/avr/4.3.3/avr5\libgcc.a(_divmodsi4.o)
                              ./Timer1.o (__divmodsi4)
c:/users/a7med/eclipse/embedcpp-2022-12/eclipse/winavr/bin/../lib/gcc/avr/4.3.3/avr5\libgcc.a(_exit.o)
                              c:/users/a7med/eclipse/embedcpp-2022-12/eclipse/winavr/bin/../lib/gcc/avr/4.3.3/../../../../avr/lib/avr5/crtm32.o (exit)
c:/users/a7med/eclipse/embedcpp-2022-12/eclipse/winavr/bin/../lib/gcc/avr/4.3.3/avr5\libgcc.a(_copy_data.o)
                              ./APP.o (__do_copy_data)
c:/users/a7med/eclipse/embedcpp-2022-12/eclipse/winavr/bin/../lib/gcc/avr/4.3.3/avr5\libgcc.a(_clear_bss.o)
                              ./ADC.o (__do_clear_bss)
c:/users/a7med/eclipse/embedcpp-2022-12/eclipse/winavr/bin/../lib/gcc/avr/4.3.3/avr5\libgcc.a(_fixunssfsi.o)
                              ./ADC.o (__fixunssfsi)
c:/users/a7med/eclipse/embedcpp-2022-12/eclipse/winavr/bin/../lib/gcc/avr/4.3.3/avr5\libgcc.a(_addsub_sf.o)
                              c:/users/a7med/eclipse/embedcpp-2022-12/eclipse/winavr/bin/../lib/gcc/avr/4.3.3/avr5\libgcc.a(_fixunssfsi.o) (__subsf3)
c:/users/a7med/eclipse/embedcpp-2022-12/eclipse/winavr/bin/../lib/gcc/avr/4.3.3/avr5\libgcc.a(_mul_sf.o)
                              ./ADC.o (__mulsf3)
c:/users/a7med/eclipse/embedcpp-2022-12/eclipse/winavr/bin/../lib/gcc/avr/4.3.3/avr5\libgcc.a(_gt_sf.o)
                              ./ADC.o (__gtsf2)
c:/users/a7med/eclipse/embedcpp-2022-12/eclipse/winavr/bin/../lib/gcc/avr/4.3.3/avr5\libgcc.a(_ge_sf.o)
                              c:/users/a7med/eclipse/embedcpp-2022-12/eclipse/winavr/bin/../lib/gcc/avr/4.3.3/avr5\libgcc.a(_fixunssfsi.o) (__gesf2)
c:/users/a7med/eclipse/embedcpp-2022-12/eclipse/winavr/bin/../lib/gcc/avr/4.3.3/avr5\libgcc.a(_lt_sf.o)
                              ./ADC.o (__ltsf2)
c:/users/a7med/eclipse/embedcpp-2022-12/eclipse/winavr/bin/../lib/gcc/avr/4.3.3/avr5\libgcc.a(_sf_to_si.o)
                              c:/users/a7med/eclipse/embedcpp-2022-12/eclipse/winavr/bin/../lib/gcc/avr/4.3.3/avr5\libgcc.a(_fixunssfsi.o) (__fixsfsi)
c:/users/a7med/eclipse/embedcpp-2022-12/eclipse/winavr/bin/../lib/gcc/avr/4.3.3/avr5\libgcc.a(_thenan_sf.o)
                              c:/users/a7med/eclipse/embedcpp-2022-12/eclipse/winavr/bin/../lib/gcc/avr/4.3.3/avr5\libgcc.a(_addsub_sf.o) (__thenan_sf)
c:/users/a7med/eclipse/embedcpp-2022-12/eclipse/winavr/bin/../lib/gcc/avr/4.3.3/avr5\libgcc.a(_udivmodsi4.o)
                              c:/users/a7med/eclipse/embedcpp-2022-12/eclipse/winavr/bin/../lib/gcc/avr/4.3.3/avr5\libgcc.a(_divmodsi4.o) (__udivmodsi4)
c:/users/a7med/eclipse/embedcpp-2022-12/eclipse/winavr/bin/../lib/gcc/avr/4.3.3/avr5\libgcc.a(_prologue.o)
                              c:/users/a7med/eclipse/embedcpp-2022-12/eclipse/winavr/bin/../lib/gcc/avr/4.3.3/avr5\libgcc.a(_addsub_sf.o) (__prologue_saves__)
c:/users/a7med/eclipse/embedcpp-2022-12/eclipse/winavr/bin/../lib/gcc/avr/4.3.3/avr5\libgcc.a(_epilogue.o)
                              c:/users/a7med/eclipse/embedcpp-2022-12/eclipse/winavr/bin/../lib/gcc/avr/4.3.3/avr5\libgcc.a(_addsub_sf.o) (__epilogue_restores__)
c:/users/a7med/eclipse/embedcpp-2022-12/eclipse/winavr/bin/../lib/gcc/avr/4.3.3/avr5\libgcc.a(_pack_sf.o)
                              c:/users/a7med/eclipse/embedcpp-2022-12/eclipse/winavr/bin/../lib/gcc/avr/4.3.3/avr5\libgcc.a(_addsub_sf.o) (__pack_f)
c:/users/a7med/eclipse/embedcpp-2022-12/eclipse/winavr/bin/../lib/gcc/avr/4.3.3/avr5\libgcc.a(_unpack_sf.o)
                              c:/users/a7med/eclipse/embedcpp-2022-12/eclipse/winavr/bin/../lib/gcc/avr/4.3.3/avr5\libgcc.a(_addsub_sf.o) (__unpack_f)
c:/users/a7med/eclipse/embedcpp-2022-12/eclipse/winavr/bin/../lib/gcc/avr/4.3.3/avr5\libgcc.a(_fpcmp_parts_sf.o)
                              c:/users/a7med/eclipse/embedcpp-2022-12/eclipse/winavr/bin/../lib/gcc/avr/4.3.3/avr5\libgcc.a(_gt_sf.o) (__fpcmp_parts_f)

Allocating common symbols
Common symbol       size              file

T1TotalCounts       0x1               ./Timer1.o
T1TimeOn            0x2               ./Timer1.o
T1TimeTotal         0x2               ./Timer1.o
T1OnCounts          0x1               ./Timer1.o
T1Counter           0x1               ./Timer1.o

Memory Configuration

Name             Origin             Length             Attributes
text             0x00000000         0x00020000         xr
data             0x00800060         0x0000ffa0         rw !x
eeprom           0x00810000         0x00010000         rw !x
fuse             0x00820000         0x00000400         rw !x
lock             0x00830000         0x00000400         rw !x
signature        0x00840000         0x00000400         rw !x
*default*        0x00000000         0xffffffff

Linker script and memory map

LOAD c:/users/a7med/eclipse/embedcpp-2022-12/eclipse/winavr/bin/../lib/gcc/avr/4.3.3/../../../../avr/lib/avr5/crtm32.o
LOAD ./ADC.o
LOAD ./APP.o
LOAD ./DIO.o
LOAD ./EXTI.o
LOAD ./H_Bridge.o
LOAD ./KEYPAD.o
LOAD ./LCD.o
LOAD ./LedAndBuzzer.o
LOAD ./PushButtons.o
LOAD ./SPI.o
LOAD ./Timer0.o
LOAD ./Timer1.o
LOAD ./UART.o
LOAD ./_7Segma.o
LOAD ./main.o
LOAD c:/users/a7med/eclipse/embedcpp-2022-12/eclipse/winavr/bin/../lib/gcc/avr/4.3.3/avr5\libgcc.a
LOAD c:/users/a7med/eclipse/embedcpp-2022-12/eclipse/winavr/bin/../lib/gcc/avr/4.3.3/../../../../avr/lib/avr5\libc.a
LOAD c:/users/a7med/eclipse/embedcpp-2022-12/eclipse/winavr/bin/../lib/gcc/avr/4.3.3/avr5\libgcc.a

.hash
 *(.hash)

.dynsym
 *(.dynsym)

.dynstr
 *(.dynstr)

.gnu.version
 *(.gnu.version)

.gnu.version_d
 *(.gnu.version_d)

.gnu.version_r
 *(.gnu.version_r)

.rel.init
 *(.rel.init)

.rela.init
 *(.rela.init)

.rel.text
 *(.rel.text)
 *(.rel.text.*)
 *(.rel.gnu.linkonce.t*)

.rela.text
 *(.rela.text)
 *(.rela.text.*)
 *(.rela.gnu.linkonce.t*)

.rel.fini
 *(.rel.fini)

.rela.fini
 *(.rela.fini)

.rel.rodata
 *(.rel.rodata)
 *(.rel.rodata.*)
 *(.rel.gnu.linkonce.r*)

.rela.rodata
 *(.rela.rodata)
 *(.rela.rodata.*)
 *(.rela.gnu.linkonce.r*)

.rel.data
 *(.rel.data)
 *(.rel.data.*)
 *(.rel.gnu.linkonce.d*)

.rela.data
 *(.rela.data)
 *(.rela.data.*)
 *(.rela.gnu.linkonce.d*)

.rel.ctors
 *(.rel.ctors)

.rela.ctors
 *(.rela.ctors)

.rel.dtors
 *(.rel.dtors)

.rela.dtors
 *(.rela.dtors)

.rel.got
 *(.rel.got)

.rela.got
 *(.rela.got)

.rel.bss
 *(.rel.bss)

.rela.bss
 *(.rela.bss)

.rel.plt
 *(.rel.plt)

.rela.plt
 *(.rela.plt)

.text           0x00000000     0x695c
 *(.vectors)
 .vectors       0x00000000       0x54 c:/users/a7med/eclipse/embedcpp-2022-12/eclipse/winavr/bin/../lib/gcc/avr/4.3.3/../../../../avr/lib/avr5/crtm32.o
                0x00000000                __vectors
                0x00000000                __vector_default
 *(.vectors)
 *(.progmem.gcc*)
 *(.progmem*)
                0x00000054                . = ALIGN (0x2)
                0x00000054                __trampolines_start = .
 *(.trampolines)
 .trampolines   0x00000054        0x0 linker stubs
 *(.trampolines*)
                0x00000054                __trampolines_end = .
 *(.jumptables)
 *(.jumptables*)
 *(.lowtext)
 *(.lowtext*)
                0x00000054                __ctors_start = .
 *(.ctors)
                0x00000054                __ctors_end = .
                0x00000054                __dtors_start = .
 *(.dtors)
                0x00000054                __dtors_end = .
 SORT(*)(.ctors)
 SORT(*)(.dtors)
 *(.init0)
 .init0         0x00000054        0x0 c:/users/a7med/eclipse/embedcpp-2022-12/eclipse/winavr/bin/../lib/gcc/avr/4.3.3/../../../../avr/lib/avr5/crtm32.o
                0x00000054                __init
 *(.init0)
 *(.init1)
 *(.init1)
 *(.init2)
 .init2         0x00000054        0xc c:/users/a7med/eclipse/embedcpp-2022-12/eclipse/winavr/bin/../lib/gcc/avr/4.3.3/../../../../avr/lib/avr5/crtm32.o
 *(.init2)
 *(.init3)
 *(.init3)
 *(.init4)
 .init4         0x00000060       0x16 c:/users/a7med/eclipse/embedcpp-2022-12/eclipse/winavr/bin/../lib/gcc/avr/4.3.3/avr5\libgcc.a(_copy_data.o)
                0x00000060                __do_copy_data
 .init4         0x00000076       0x10 c:/users/a7med/eclipse/embedcpp-2022-12/eclipse/winavr/bin/../lib/gcc/avr/4.3.3/avr5\libgcc.a(_clear_bss.o)
                0x00000076                __do_clear_bss
 *(.init4)
 *(.init5)
 *(.init5)
 *(.init6)
 *(.init6)
 *(.init7)
 *(.init7)
 *(.init8)
 *(.init8)
 *(.init9)
 .init9         0x00000086        0x8 c:/users/a7med/eclipse/embedcpp-2022-12/eclipse/winavr/bin/../lib/gcc/avr/4.3.3/../../../../avr/lib/avr5/crtm32.o
 *(.init9)
 *(.text)
 .text          0x0000008e        0x4 c:/users/a7med/eclipse/embedcpp-2022-12/eclipse/winavr/bin/../lib/gcc/avr/4.3.3/../../../../avr/lib/avr5/crtm32.o
                0x0000008e                __bad_interrupt
                0x0000008e                __vector_3
                0x0000008e                __vector_17
                0x0000008e                __vector_19
                0x0000008e                __vector_5
                0x0000008e                __vector_4
                0x0000008e                __vector_18
                0x0000008e                __vector_20
 .text          0x00000092        0x0 ./ADC.o
 .text          0x00000092        0x0 ./APP.o
 .text          0x00000092        0x0 ./DIO.o
 .text          0x00000092        0x0 ./EXTI.o
 .text          0x00000092        0x0 ./H_Bridge.o
 .text          0x00000092        0x0 ./KEYPAD.o
 .text          0x00000092        0x0 ./LCD.o
 .text          0x00000092        0x0 ./LedAndBuzzer.o
 .text          0x00000092        0x0 ./PushButtons.o
 .text          0x00000092        0x0 ./SPI.o
 .text          0x00000092        0x0 ./Timer0.o
 .text          0x00000092        0x0 ./Timer1.o
 .text          0x00000092        0x0 ./UART.o
 .text          0x00000092        0x0 ./_7Segma.o
 .text          0x00000092        0x0 ./main.o
 .text          0x00000092        0x0 c:/users/a7med/eclipse/embedcpp-2022-12/eclipse/winavr/bin/../lib/gcc/avr/4.3.3/avr5\libgcc.a(_mulsi3.o)
 .text          0x00000092        0x0 c:/users/a7med/eclipse/embedcpp-2022-12/eclipse/winavr/bin/../lib/gcc/avr/4.3.3/avr5\libgcc.a(_udivmodqi4.o)
 .text          0x00000092        0x0 c:/users/a7med/eclipse/embedcpp-2022-12/eclipse/winavr/bin/../lib/gcc/avr/4.3.3/avr5\libgcc.a(_udivmodhi4.o)
 .text          0x00000092        0x0 c:/users/a7med/eclipse/embedcpp-2022-12/eclipse/winavr/bin/../lib/gcc/avr/4.3.3/avr5\libgcc.a(_divmodhi4.o)
 .text          0x00000092        0x0 c:/users/a7med/eclipse/embedcpp-2022-12/eclipse/winavr/bin/../lib/gcc/avr/4.3.3/avr5\libgcc.a(_divmodsi4.o)
 .text          0x00000092        0x0 c:/users/a7med/eclipse/embedcpp-2022-12/eclipse/winavr/bin/../lib/gcc/avr/4.3.3/avr5\libgcc.a(_exit.o)
 .text          0x00000092        0x0 c:/users/a7med/eclipse/embedcpp-2022-12/eclipse/winavr/bin/../lib/gcc/avr/4.3.3/avr5\libgcc.a(_copy_data.o)
 .text          0x00000092        0x0 c:/users/a7med/eclipse/embedcpp-2022-12/eclipse/winavr/bin/../lib/gcc/avr/4.3.3/avr5\libgcc.a(_clear_bss.o)
 .text          0x00000092       0x58 c:/users/a7med/eclipse/embedcpp-2022-12/eclipse/winavr/bin/../lib/gcc/avr/4.3.3/avr5\libgcc.a(_fixunssfsi.o)
                0x00000092                __fixunssfsi
 .text          0x000000ea      0x354 c:/users/a7med/eclipse/embedcpp-2022-12/eclipse/winavr/bin/../lib/gcc/avr/4.3.3/avr5\libgcc.a(_addsub_sf.o)
                0x00000382                __subsf3
                0x000003e4                __addsf3
 .text          0x0000043e      0x1f4 c:/users/a7med/eclipse/embedcpp-2022-12/eclipse/winavr/bin/../lib/gcc/avr/4.3.3/avr5\libgcc.a(_mul_sf.o)
                0x0000043e                __mulsf3
 .text          0x00000632       0x60 c:/users/a7med/eclipse/embedcpp-2022-12/eclipse/winavr/bin/../lib/gcc/avr/4.3.3/avr5\libgcc.a(_gt_sf.o)
                0x00000632                __gtsf2
 .text          0x00000692       0x60 c:/users/a7med/eclipse/embedcpp-2022-12/eclipse/winavr/bin/../lib/gcc/avr/4.3.3/avr5\libgcc.a(_ge_sf.o)
                0x00000692                __gesf2
 .text          0x000006f2       0x60 c:/users/a7med/eclipse/embedcpp-2022-12/eclipse/winavr/bin/../lib/gcc/avr/4.3.3/avr5\libgcc.a(_lt_sf.o)
                0x000006f2                __ltsf2
 .text          0x00000752       0xa8 c:/users/a7med/eclipse/embedcpp-2022-12/eclipse/winavr/bin/../lib/gcc/avr/4.3.3/avr5\libgcc.a(_sf_to_si.o)
                0x00000752                __fixsfsi
 .text          0x000007fa        0x0 c:/users/a7med/eclipse/embedcpp-2022-12/eclipse/winavr/bin/../lib/gcc/avr/4.3.3/avr5\libgcc.a(_thenan_sf.o)
 .text          0x000007fa        0x0 c:/users/a7med/eclipse/embedcpp-2022-12/eclipse/winavr/bin/../lib/gcc/avr/4.3.3/avr5\libgcc.a(_udivmodsi4.o)
 .text          0x000007fa        0x0 c:/users/a7med/eclipse/embedcpp-2022-12/eclipse/winavr/bin/../lib/gcc/avr/4.3.3/avr5\libgcc.a(_prologue.o)
 .text          0x000007fa        0x0 c:/users/a7med/eclipse/embedcpp-2022-12/eclipse/winavr/bin/../lib/gcc/avr/4.3.3/avr5\libgcc.a(_epilogue.o)
 .text          0x000007fa      0x1aa c:/users/a7med/eclipse/embedcpp-2022-12/eclipse/winavr/bin/../lib/gcc/avr/4.3.3/avr5\libgcc.a(_pack_sf.o)
                0x000007fa                __pack_f
 .text          0x000009a4       0xf0 c:/users/a7med/eclipse/embedcpp-2022-12/eclipse/winavr/bin/../lib/gcc/avr/4.3.3/avr5\libgcc.a(_unpack_sf.o)
                0x000009a4                __unpack_f
 .text          0x00000a94       0xb2 c:/users/a7med/eclipse/embedcpp-2022-12/eclipse/winavr/bin/../lib/gcc/avr/4.3.3/avr5\libgcc.a(_fpcmp_parts_sf.o)
                0x00000a94                __fpcmp_parts_f
                0x00000b46                . = ALIGN (0x2)
 *(.text.*)
 .text.ADC_vInit
                0x00000b46       0x3e ./ADC.o
                0x00000b46                ADC_vInit
 .text.ADC_vGetVal
                0x00000b84      0x18e ./ADC.o
                0x00000b84                ADC_vGetVal
 .text.ADC_vADCCallBack
                0x00000d12       0x2c ./ADC.o
                0x00000d12                ADC_vADCCallBack
 .text.__vector_16
                0x00000d3e       0x66 ./ADC.o
                0x00000d3e                __vector_16
 .text.APP_vPrintNumberSS
                0x00000da4      0x21e ./APP.o
                0x00000da4                APP_vPrintNumberSS
 .text.APP_vPrintTwoDigitNumberSS
                0x00000fc2       0x36 ./APP.o
                0x00000fc2                APP_vPrintTwoDigitNumberSS
 .text.APP_vPrintDecimalNumberSS
                0x00000ff8       0x8c ./APP.o
                0x00000ff8                APP_vPrintDecimalNumberSS
 .text.APP_vPrint0to99SS
                0x00001084       0x3c ./APP.o
                0x00001084                APP_vPrint0to99SS
 .text.APP_vPrint1MinuteSS
                0x000010c0       0x3a ./APP.o
                0x000010c0                APP_vPrint1MinuteSS
 .text.APP_vClickCounterPB
                0x000010fa       0x60 ./APP.o
                0x000010fa                APP_vClickCounterPB
 .text.APP_v3Leds1MinuteEachSS
                0x0000115a      0x212 ./APP.o
                0x0000115a                APP_v3Leds1MinuteEachSS
 .text.APP_vTaskFinsh
                0x0000136c       0x14 ./APP.o
                0x0000136c                APP_vTaskFinsh
 .text.APP_vWriteStringManyTimesLCD
                0x00001380      0x2bc ./APP.o
                0x00001380                APP_vWriteStringManyTimesLCD
 .text.APP_vToString
                0x0000163c       0xcc ./APP.o
                0x0000163c                APP_vToString
 .text.APP_vCalculatorLCD
                0x00001708      0xb1e ./APP.o
                0x00001708                APP_vCalculatorLCD
 .text.APP_vLocker
                0x00002226      0xae4 ./APP.o
                0x00002226                APP_vLocker
 .text.APP_u8compareArray
                0x00002d0a       0x74 ./APP.o
                0x00002d0a                APP_u8compareArray
 .text.APP_vVolumeLCD
                0x00002d7e      0x20a ./APP.o
                0x00002d7e                APP_vVolumeLCD
 .text.APP_vVolumeVerticalLCD
                0x00002f88      0x250 ./APP.o
                0x00002f88                APP_vVolumeVerticalLCD
 .text.DIO_vSetPortDirection
                0x000031d8       0x5c ./DIO.o
                0x000031d8                DIO_vSetPortDirection
 .text.DIO_vSetPortValue
                0x00003234       0x5c ./DIO.o
                0x00003234                DIO_vSetPortValue
 .text.DIO_u8PGetPortValue
                0x00003290       0x62 ./DIO.o
                0x00003290                DIO_u8PGetPortValue
 .text.DIO_vTogPortValue
                0x000032f2       0x70 ./DIO.o
                0x000032f2                DIO_vTogPortValue
 .text.DIO_vSetPinDirection
                0x00003362      0x206 ./DIO.o
                0x00003362                DIO_vSetPinDirection
 .text.DIO_vSetPinValue
                0x00003568      0x1b6 ./DIO.o
                0x00003568                DIO_vSetPinValue
 .text.DIO_u8PGetPinValue
                0x0000371e       0xda ./DIO.o
                0x0000371e                DIO_u8PGetPinValue
 .text.DIO_vTogPinValue
                0x000037f8       0xd6 ./DIO.o
                0x000037f8                DIO_vTogPinValue
 .text.EXTI_vEnableGIE
                0x000038ce       0x1c ./EXTI.o
                0x000038ce                EXTI_vEnableGIE
 .text.EXTI_vEnablePIE
                0x000038ea       0x5a ./EXTI.o
                0x000038ea                EXTI_vEnablePIE
 .text.EXIT_vReadPIF
                0x00003944       0x70 ./EXTI.o
                0x00003944                EXIT_vReadPIF
 .text.EXTI_vSenseControl
                0x000039b4      0x19e ./EXTI.o
                0x000039b4                EXTI_vSenseControl
 .text.EXTI_INT0CallBack
                0x00003b52       0x2c ./EXTI.o
                0x00003b52                EXTI_INT0CallBack
 .text.EXTI_INT1CallBack
                0x00003b7e       0x2c ./EXTI.o
                0x00003b7e                EXTI_INT1CallBack
 .text.EXTI_INT2CallBack
                0x00003baa       0x2c ./EXTI.o
                0x00003baa                EXTI_INT2CallBack
 .text.__vector_1
                0x00003bd6       0x66 ./EXTI.o
                0x00003bd6                __vector_1
 .text.__vector_2
                0x00003c3c       0x66 ./EXTI.o
                0x00003c3c                __vector_2
 .text.INT2_vect
                0x00003ca2       0x66 ./EXTI.o
                0x00003ca2                INT2_vect
 .text.H_Bridge_vInit
                0x00003d08       0x62 ./H_Bridge.o
                0x00003d08                H_Bridge_vInit
 .text.H_Bridge_vRunM1AndStopM2
                0x00003d6a       0x38 ./H_Bridge.o
                0x00003d6a                H_Bridge_vRunM1AndStopM2
 .text.H_Bridge_vRunM2AndStopM1
                0x00003da2       0x38 ./H_Bridge.o
                0x00003da2                H_Bridge_vRunM2AndStopM1
 .text.H_Bridge_vM1AndM2FreeRuningStop
                0x00003dda       0x1c ./H_Bridge.o
                0x00003dda                H_Bridge_vM1AndM2FreeRuningStop
 .text.H_Bridge_vM1AndM2TurnRight
                0x00003df6       0x38 ./H_Bridge.o
                0x00003df6                H_Bridge_vM1AndM2TurnRight
 .text.H_Bridge_vM1AndM2TurnLeft
                0x00003e2e       0x38 ./H_Bridge.o
                0x00003e2e                H_Bridge_vM1AndM2TurnLeft
 .text.H_Bridge_vM1AndM2FastStop
                0x00003e66       0x1c ./H_Bridge.o
                0x00003e66                H_Bridge_vM1AndM2FastStop
 .text.KAYPAD_vInit
                0x00003e82       0x1e ./KEYPAD.o
                0x00003e82                KAYPAD_vInit
 .text.KAYPAD_u8GetKey
                0x00003ea0      0x1ae ./KEYPAD.o
                0x00003ea0                KAYPAD_u8GetKey
 .text.LCD_vSendCommand
                0x0000404e      0x254 ./LCD.o
                0x0000404e                LCD_vSendCommand
 .text.LCD_vInit
                0x000042a2      0x52a ./LCD.o
                0x000042a2                LCD_vInit
 .text.LCD_vInitWithOutClear
                0x000047cc      0x40e ./LCD.o
                0x000047cc                LCD_vInitWithOutClear
 .text.LCD_vWriteCharacter
                0x00004bda      0x254 ./LCD.o
                0x00004bda                LCD_vWriteCharacter
 .text.LCD_vGoTo
                0x00004e2e       0x22 ./LCD.o
                0x00004e2e                LCD_vGoTo
 .text.LCD_vClear
                0x00004e50      0x110 ./LCD.o
                0x00004e50                LCD_vClear
 .text.LCD_vWriteString
                0x00004f60       0x52 ./LCD.o
                0x00004f60                LCD_vWriteString
 .text.LCD_vCustomCharacter
                0x00004fb2       0x5e ./LCD.o
                0x00004fb2                LCD_vCustomCharacter
 .text.LCD_vCLearOneChar
                0x00005010       0x52 ./LCD.o
                0x00005010                LCD_vCLearOneChar
 .text.LedAndBuzzer_vLed0Open
                0x00005062       0x22 ./LedAndBuzzer.o
                0x00005062                LedAndBuzzer_vLed0Open
 .text.LedAndBuzzer_vLed0Close
                0x00005084       0x18 ./LedAndBuzzer.o
                0x00005084                LedAndBuzzer_vLed0Close
 .text.LedAndBuzzer_vLed1Open
                0x0000509c       0x22 ./LedAndBuzzer.o
                0x0000509c                LedAndBuzzer_vLed1Open
 .text.LedAndBuzzer_vLed1Close
                0x000050be       0x18 ./LedAndBuzzer.o
                0x000050be                LedAndBuzzer_vLed1Close
 .text.LedAndBuzzer_vLed2Open
                0x000050d6       0x22 ./LedAndBuzzer.o
                0x000050d6                LedAndBuzzer_vLed2Open
 .text.LedAndBuzzer_vLed2Close
                0x000050f8       0x18 ./LedAndBuzzer.o
                0x000050f8                LedAndBuzzer_vLed2Close
 .text.LedAndBuzzer_vBuzzerOpen
                0x00005110       0x22 ./LedAndBuzzer.o
                0x00005110                LedAndBuzzer_vBuzzerOpen
 .text.LedAndBuzzer_vBuzzerClose
                0x00005132       0x18 ./LedAndBuzzer.o
                0x00005132                LedAndBuzzer_vBuzzerClose
 .text.LedAndBuzzer_vFlash
                0x0000514a      0x224 ./LedAndBuzzer.o
                0x0000514a                LedAndBuzzer_vFlash
 .text.PushButton_u8Button0
                0x0000536e      0x138 ./PushButtons.o
                0x0000536e                PushButton_u8Button0
 .text.PushButton_u8Button1
                0x000054a6      0x138 ./PushButtons.o
                0x000054a6                PushButton_u8Button1
 .text.PushButton_u8Button2
                0x000055de      0x138 ./PushButtons.o
                0x000055de                PushButton_u8Button2
 .text.PushButton_u8Button1LonPress
                0x00005716      0x12a ./PushButtons.o
                0x00005716                PushButton_u8Button1LonPress
 .text.PushButton_u8Button2OneSec
                0x00005840      0x12e ./PushButtons.o
                0x00005840                PushButton_u8Button2OneSec
 .text.SPI_vInit
                0x0000596e       0x6a ./SPI.o
                0x0000596e                SPI_vInit
 .text.SPI_vMasterWrite
                0x000059d8       0x26 ./SPI.o
                0x000059d8                SPI_vMasterWrite
 .text.SPI_vMasterReadWrite
                0x000059fe       0x3c ./SPI.o
                0x000059fe                SPI_vMasterReadWrite
 .text.SPI_vSlaveRead
                0x00005a3a       0x2e ./SPI.o
                0x00005a3a                SPI_vSlaveRead
 .text.SPI_vTransferCompleteInterruptEnable
                0x00005a68       0x2c ./SPI.o
                0x00005a68                SPI_vTransferCompleteInterruptEnable
 .text.__vector_12
                0x00005a94       0x66 ./SPI.o
                0x00005a94                __vector_12
 .text.Timer0_vInit
                0x00005afa       0x16 ./Timer0.o
                0x00005afa                Timer0_vInit
 .text.Timer0_vEnableCompareInterrupt
                0x00005b10       0x1c ./Timer0.o
                0x00005b10                Timer0_vEnableCompareInterrupt
 .text.Timer0_vEnableOverflowInterrupt
                0x00005b2c       0x1c ./Timer0.o
                0x00005b2c                Timer0_vEnableOverflowInterrupt
 .text.Timer0_u8ReadCompareFlag
                0x00005b48       0x18 ./Timer0.o
                0x00005b48                Timer0_u8ReadCompareFlag
 .text.Timer0_u8ReadOverflowFlag
                0x00005b60       0x16 ./Timer0.o
                0x00005b60                Timer0_u8ReadOverflowFlag
 .text.Timer0_vCounterRegister
                0x00005b76       0x1c ./Timer0.o
                0x00005b76                Timer0_vCounterRegister
 .text.Timer0_vCompareRegister
                0x00005b92       0x1c ./Timer0.o
                0x00005b92                Timer0_vCompareRegister
 .text.Timer0_vCompareCallBack
                0x00005bae       0x2c ./Timer0.o
                0x00005bae                Timer0_vCompareCallBack
 .text.Timer0_vOverflowCallBack
                0x00005bda       0x2c ./Timer0.o
                0x00005bda                Timer0_vOverflowCallBack
 .text.__vector_10
                0x00005c06       0x66 ./Timer0.o
                0x00005c06                __vector_10
 .text.__vector_11
                0x00005c6c       0x66 ./Timer0.o
                0x00005c6c                __vector_11
 .text.Timer1_vInit
                0x00005cd2       0x3a ./Timer1.o
                0x00005cd2                Timer1_vInit
 .text.Timer1_vIputCaptureUnit
                0x00005d0c      0x11a ./Timer1.o
                0x00005d0c                Timer1_vIputCaptureUnit
 .text.Timer1_vOverflowCounter
                0x00005e26       0x18 ./Timer1.o
                0x00005e26                Timer1_vOverflowCounter
 .text.Timer1_vInputCaptureCal
                0x00005e3e       0xb0 ./Timer1.o
                0x00005e3e                Timer1_vInputCaptureCal
 .text.Timer1_vIputCaptureInterruptEnable
                0x00005eee       0x1c ./Timer1.o
                0x00005eee                Timer1_vIputCaptureInterruptEnable
 .text.Timer1_vCompareChannelAInterruptEnable
                0x00005f0a       0x1c ./Timer1.o
                0x00005f0a                Timer1_vCompareChannelAInterruptEnable
 .text.Timer1_vCompareChannelBInterruptEnable
                0x00005f26       0x1c ./Timer1.o
                0x00005f26                Timer1_vCompareChannelBInterruptEnable
 .text.Timer1_vOverflowInterruptEnable
                0x00005f42       0x1c ./Timer1.o
                0x00005f42                Timer1_vOverflowInterruptEnable
 .text.Timer1_vReadCompareChannelAFlag
                0x00005f5e       0x1a ./Timer1.o
                0x00005f5e                Timer1_vReadCompareChannelAFlag
 .text.Timer1_vReadCompareChannelBFlag
                0x00005f78       0x1c ./Timer1.o
                0x00005f78                Timer1_vReadCompareChannelBFlag
 .text.Timer1_vReadOverflowFlag
                0x00005f94       0x1a ./Timer1.o
                0x00005f94                Timer1_vReadOverflowFlag
 .text.Timer1_vReadTCNT1
                0x00005fae       0x40 ./Timer1.o
                0x00005fae                Timer1_vReadTCNT1
 .text.Timer1_vReadInputCaptureRegister
                0x00005fee       0x40 ./Timer1.o
                0x00005fee                Timer1_vReadInputCaptureRegister
 .text.Timer1_vPreLoadResgister
                0x0000602e       0x2e ./Timer1.o
                0x0000602e                Timer1_vPreLoadResgister
 .text.Timer1_vChannelACopmareRegister
                0x0000605c       0x2e ./Timer1.o
                0x0000605c                Timer1_vChannelACopmareRegister
 .text.Timer1_vChannelBCopmareRegister
                0x0000608a       0x2e ./Timer1.o
                0x0000608a                Timer1_vChannelBCopmareRegister
 .text.Timer1_vOverflowCallBack
                0x000060b8       0x2c ./Timer1.o
                0x000060b8                Timer1_vOverflowCallBack
 .text.Timer1_vChannelACompareCallBack
                0x000060e4       0x2c ./Timer1.o
                0x000060e4                Timer1_vChannelACompareCallBack
 .text.Timer1_vChannelBCompareCallBack
                0x00006110       0x2c ./Timer1.o
                0x00006110                Timer1_vChannelBCompareCallBack
 .text.Timer1_vIputCaptureCallBack
                0x0000613c       0x2c ./Timer1.o
                0x0000613c                Timer1_vIputCaptureCallBack
 .text.__vector_7
                0x00006168       0x66 ./Timer1.o
                0x00006168                __vector_7
 .text.__vector_8
                0x000061ce       0x66 ./Timer1.o
                0x000061ce                __vector_8
 .text.__vector_9
                0x00006234       0x66 ./Timer1.o
                0x00006234                __vector_9
 .text.__vector_6
                0x0000629a       0x66 ./Timer1.o
                0x0000629a                __vector_6
 .text.UART_vInit
                0x00006300       0x3a ./UART.o
                0x00006300                UART_vInit
 .text.UART_vSendChar
                0x0000633a       0x36 ./UART.o
                0x0000633a                UART_vSendChar
 .text.UART_u8RecieveChar
                0x00006370       0x1e ./UART.o
                0x00006370                UART_u8RecieveChar
 .text.UART_vRXCompleteInterruptEnable
                0x0000638e       0x1c ./UART.o
                0x0000638e                UART_vRXCompleteInterruptEnable
 .text.UART_vTXCompleteInterruptEnable
                0x000063aa       0x1c ./UART.o
                0x000063aa                UART_vTXCompleteInterruptEnable
 .text.UART_vDataRegisterEmptyInterruptEnable
                0x000063c6       0x1c ./UART.o
                0x000063c6                UART_vDataRegisterEmptyInterruptEnable
 .text.UART_RXCompleteCallBack
                0x000063e2       0x2c ./UART.o
                0x000063e2                UART_RXCompleteCallBack
 .text.UART_TXCompleteCallBack
                0x0000640e       0x2c ./UART.o
                0x0000640e                UART_TXCompleteCallBack
 .text.UAART_DataRegisterEmptyCallBack
                0x0000643a       0x2c ./UART.o
                0x0000643a                UAART_DataRegisterEmptyCallBack
 .text.__vector_13
                0x00006466       0x66 ./UART.o
                0x00006466                __vector_13
 .text.__vector_14
                0x000064cc       0x66 ./UART.o
                0x000064cc                __vector_14
 .text.__vector_15
                0x00006532       0x66 ./UART.o
                0x00006532                __vector_15
 .text._7Segma_vInit
                0x00006598       0x4a ./_7Segma.o
                0x00006598                _7Segma_vInit
 .text._7Segma_vEnable1
                0x000065e2       0x18 ./_7Segma.o
                0x000065e2                _7Segma_vEnable1
 .text._7Segma_vEnable2
                0x000065fa       0x18 ./_7Segma.o
                0x000065fa                _7Segma_vEnable2
 .text._7Segma_vDisable1
                0x00006612       0x18 ./_7Segma.o
                0x00006612                _7Segma_vDisable1
 .text._7Segma_vDisable2
                0x0000662a       0x18 ./_7Segma.o
                0x0000662a                _7Segma_vDisable2
 .text._7Segma_vEnableDot
                0x00006642       0x18 ./_7Segma.o
                0x00006642                _7Segma_vEnableDot
 .text._7Segma_vDisbleDot
                0x0000665a       0x18 ./_7Segma.o
                0x0000665a                _7Segma_vDisbleDot
 .text._7Segma_vShow
                0x00006672       0x24 ./_7Segma.o
                0x00006672                _7Segma_vShow
 .text._7Segma_vPrintNumber1
                0x00006696       0x22 ./_7Segma.o
                0x00006696                _7Segma_vPrintNumber1
 .text._7Segma_vPrintNumber2
                0x000066b8       0x22 ./_7Segma.o
                0x000066b8                _7Segma_vPrintNumber2
 .text.main     0x000066da       0xf2 ./main.o
                0x000066da                main
 .text.libgcc   0x000067cc       0x3e c:/users/a7med/eclipse/embedcpp-2022-12/eclipse/winavr/bin/../lib/gcc/avr/4.3.3/avr5\libgcc.a(_mulsi3.o)
                0x000067cc                __mulsi3
 .text.libgcc   0x0000680a       0x18 c:/users/a7med/eclipse/embedcpp-2022-12/eclipse/winavr/bin/../lib/gcc/avr/4.3.3/avr5\libgcc.a(_udivmodqi4.o)
                0x0000680a                __udivmodqi4
 .text.libgcc   0x00006822       0x28 c:/users/a7med/eclipse/embedcpp-2022-12/eclipse/winavr/bin/../lib/gcc/avr/4.3.3/avr5\libgcc.a(_udivmodhi4.o)
                0x00006822                __udivmodhi4
 .text.libgcc   0x0000684a       0x26 c:/users/a7med/eclipse/embedcpp-2022-12/eclipse/winavr/bin/../lib/gcc/avr/4.3.3/avr5\libgcc.a(_divmodhi4.o)
                0x0000684a                __divmodhi4
                0x0000684a                _div
 .text.libgcc   0x00006870       0x36 c:/users/a7med/eclipse/embedcpp-2022-12/eclipse/winavr/bin/../lib/gcc/avr/4.3.3/avr5\libgcc.a(_divmodsi4.o)
                0x00006870                __divmodsi4
 .text.libgcc   0x000068a6        0x0 c:/users/a7med/eclipse/embedcpp-2022-12/eclipse/winavr/bin/../lib/gcc/avr/4.3.3/avr5\libgcc.a(_exit.o)
 .text.libgcc   0x000068a6        0x0 c:/users/a7med/eclipse/embedcpp-2022-12/eclipse/winavr/bin/../lib/gcc/avr/4.3.3/avr5\libgcc.a(_copy_data.o)
 .text.libgcc   0x000068a6        0x0 c:/users/a7med/eclipse/embedcpp-2022-12/eclipse/winavr/bin/../lib/gcc/avr/4.3.3/avr5\libgcc.a(_clear_bss.o)
 .text.libgcc   0x000068a6       0x44 c:/users/a7med/eclipse/embedcpp-2022-12/eclipse/winavr/bin/../lib/gcc/avr/4.3.3/avr5\libgcc.a(_udivmodsi4.o)
                0x000068a6                __udivmodsi4
 .text.libgcc   0x000068ea       0x38 c:/users/a7med/eclipse/embedcpp-2022-12/eclipse/winavr/bin/../lib/gcc/avr/4.3.3/avr5\libgcc.a(_prologue.o)
                0x000068ea                __prologue_saves__
 .text.libgcc   0x00006922       0x36 c:/users/a7med/eclipse/embedcpp-2022-12/eclipse/winavr/bin/../lib/gcc/avr/4.3.3/avr5\libgcc.a(_epilogue.o)
                0x00006922                __epilogue_restores__
                0x00006958                . = ALIGN (0x2)
 *(.fini9)
 .fini9         0x00006958        0x0 c:/users/a7med/eclipse/embedcpp-2022-12/eclipse/winavr/bin/../lib/gcc/avr/4.3.3/avr5\libgcc.a(_exit.o)
                0x00006958                exit
                0x00006958                _exit
 *(.fini9)
 *(.fini8)
 *(.fini8)
 *(.fini7)
 *(.fini7)
 *(.fini6)
 *(.fini6)
 *(.fini5)
 *(.fini5)
 *(.fini4)
 *(.fini4)
 *(.fini3)
 *(.fini3)
 *(.fini2)
 *(.fini2)
 *(.fini1)
 *(.fini1)
 *(.fini0)
 .fini0         0x00006958        0x4 c:/users/a7med/eclipse/embedcpp-2022-12/eclipse/winavr/bin/../lib/gcc/avr/4.3.3/avr5\libgcc.a(_exit.o)
 *(.fini0)
                0x0000695c                _etext = .

.data           0x00800060       0x66 load address 0x0000695c
                0x00800060                PROVIDE (__data_start, .)
 *(.data)
 .data          0x00800060        0x0 c:/users/a7med/eclipse/embedcpp-2022-12/eclipse/winavr/bin/../lib/gcc/avr/4.3.3/../../../../avr/lib/avr5/crtm32.o
 .data          0x00800060        0x0 ./ADC.o
 .data          0x00800060       0x45 ./APP.o
 .data          0x008000a5        0x0 ./DIO.o
 .data          0x008000a5        0x0 ./EXTI.o
 .data          0x008000a5        0x0 ./H_Bridge.o
 .data          0x008000a5        0x0 ./KEYPAD.o
 .data          0x008000a5        0x0 ./LCD.o
 .data          0x008000a5        0x0 ./LedAndBuzzer.o
 .data          0x008000a5        0x0 ./PushButtons.o
 .data          0x008000a5        0x0 ./SPI.o
 .data          0x008000a5        0x0 ./Timer0.o
 .data          0x008000a5        0x0 ./Timer1.o
 .data          0x008000a5        0x0 ./UART.o
 .data          0x008000a5        0x0 ./_7Segma.o
 .data          0x008000a5        0x0 ./main.o
 .data          0x008000a5        0x0 c:/users/a7med/eclipse/embedcpp-2022-12/eclipse/winavr/bin/../lib/gcc/avr/4.3.3/avr5\libgcc.a(_mulsi3.o)
 .data          0x008000a5        0x0 c:/users/a7med/eclipse/embedcpp-2022-12/eclipse/winavr/bin/../lib/gcc/avr/4.3.3/avr5\libgcc.a(_udivmodqi4.o)
 .data          0x008000a5        0x0 c:/users/a7med/eclipse/embedcpp-2022-12/eclipse/winavr/bin/../lib/gcc/avr/4.3.3/avr5\libgcc.a(_udivmodhi4.o)
 .data          0x008000a5        0x0 c:/users/a7med/eclipse/embedcpp-2022-12/eclipse/winavr/bin/../lib/gcc/avr/4.3.3/avr5\libgcc.a(_divmodhi4.o)
 .data          0x008000a5        0x0 c:/users/a7med/eclipse/embedcpp-2022-12/eclipse/winavr/bin/../lib/gcc/avr/4.3.3/avr5\libgcc.a(_divmodsi4.o)
 .data          0x008000a5        0x0 c:/users/a7med/eclipse/embedcpp-2022-12/eclipse/winavr/bin/../lib/gcc/avr/4.3.3/avr5\libgcc.a(_exit.o)
 .data          0x008000a5        0x0 c:/users/a7med/eclipse/embedcpp-2022-12/eclipse/winavr/bin/../lib/gcc/avr/4.3.3/avr5\libgcc.a(_copy_data.o)
 .data          0x008000a5        0x0 c:/users/a7med/eclipse/embedcpp-2022-12/eclipse/winavr/bin/../lib/gcc/avr/4.3.3/avr5\libgcc.a(_clear_bss.o)
 .data          0x008000a5        0x0 c:/users/a7med/eclipse/embedcpp-2022-12/eclipse/winavr/bin/../lib/gcc/avr/4.3.3/avr5\libgcc.a(_fixunssfsi.o)
 .data          0x008000a5        0x0 c:/users/a7med/eclipse/embedcpp-2022-12/eclipse/winavr/bin/../lib/gcc/avr/4.3.3/avr5\libgcc.a(_addsub_sf.o)
 .data          0x008000a5        0x0 c:/users/a7med/eclipse/embedcpp-2022-12/eclipse/winavr/bin/../lib/gcc/avr/4.3.3/avr5\libgcc.a(_mul_sf.o)
 .data          0x008000a5        0x0 c:/users/a7med/eclipse/embedcpp-2022-12/eclipse/winavr/bin/../lib/gcc/avr/4.3.3/avr5\libgcc.a(_gt_sf.o)
 .data          0x008000a5        0x0 c:/users/a7med/eclipse/embedcpp-2022-12/eclipse/winavr/bin/../lib/gcc/avr/4.3.3/avr5\libgcc.a(_ge_sf.o)
 .data          0x008000a5        0x0 c:/users/a7med/eclipse/embedcpp-2022-12/eclipse/winavr/bin/../lib/gcc/avr/4.3.3/avr5\libgcc.a(_lt_sf.o)
 .data          0x008000a5        0x0 c:/users/a7med/eclipse/embedcpp-2022-12/eclipse/winavr/bin/../lib/gcc/avr/4.3.3/avr5\libgcc.a(_sf_to_si.o)
 .data          0x008000a5        0x8 c:/users/a7med/eclipse/embedcpp-2022-12/eclipse/winavr/bin/../lib/gcc/avr/4.3.3/avr5\libgcc.a(_thenan_sf.o)
                0x008000a5                __thenan_sf
 .data          0x008000ad        0x0 c:/users/a7med/eclipse/embedcpp-2022-12/eclipse/winavr/bin/../lib/gcc/avr/4.3.3/avr5\libgcc.a(_udivmodsi4.o)
 .data          0x008000ad        0x0 c:/users/a7med/eclipse/embedcpp-2022-12/eclipse/winavr/bin/../lib/gcc/avr/4.3.3/avr5\libgcc.a(_prologue.o)
 .data          0x008000ad        0x0 c:/users/a7med/eclipse/embedcpp-2022-12/eclipse/winavr/bin/../lib/gcc/avr/4.3.3/avr5\libgcc.a(_epilogue.o)
 .data          0x008000ad        0x0 c:/users/a7med/eclipse/embedcpp-2022-12/eclipse/winavr/bin/../lib/gcc/avr/4.3.3/avr5\libgcc.a(_pack_sf.o)
 .data          0x008000ad        0x0 c:/users/a7med/eclipse/embedcpp-2022-12/eclipse/winavr/bin/../lib/gcc/avr/4.3.3/avr5\libgcc.a(_unpack_sf.o)
 .data          0x008000ad        0x0 c:/users/a7med/eclipse/embedcpp-2022-12/eclipse/winavr/bin/../lib/gcc/avr/4.3.3/avr5\libgcc.a(_fpcmp_parts_sf.o)
 *(.data*)
 .data.arr      0x008000ad       0x10 ./KEYPAD.o
                0x008000ad                arr
 *(.rodata)
 *(.rodata*)
 .rodata.C.4.1796
                0x008000bd        0x8 ./APP.o
 *(.gnu.linkonce.d*)
                0x008000c6                . = ALIGN (0x2)
 *fill*         0x008000c5        0x1 00
                0x008000c6                _edata = .
                0x008000c6                PROVIDE (__data_end, .)

.bss            0x008000c6       0x24
                0x008000c6                PROVIDE (__bss_start, .)
 *(.bss)
 .bss           0x008000c6        0x0 c:/users/a7med/eclipse/embedcpp-2022-12/eclipse/winavr/bin/../lib/gcc/avr/4.3.3/../../../../avr/lib/avr5/crtm32.o
 .bss           0x008000c6        0x0 ./ADC.o
 .bss           0x008000c6        0x0 ./APP.o
 .bss           0x008000c6        0x0 ./DIO.o
 .bss           0x008000c6        0x0 ./EXTI.o
 .bss           0x008000c6        0x0 ./H_Bridge.o
 .bss           0x008000c6        0x0 ./KEYPAD.o
 .bss           0x008000c6        0x0 ./LCD.o
 .bss           0x008000c6        0x0 ./LedAndBuzzer.o
 .bss           0x008000c6        0x0 ./PushButtons.o
 .bss           0x008000c6        0x0 ./SPI.o
 .bss           0x008000c6        0x0 ./Timer0.o
 .bss           0x008000c6        0x0 ./Timer1.o
 .bss           0x008000c6        0x0 ./UART.o
 .bss           0x008000c6        0x0 ./_7Segma.o
 .bss           0x008000c6        0x0 ./main.o
 .bss           0x008000c6        0x0 c:/users/a7med/eclipse/embedcpp-2022-12/eclipse/winavr/bin/../lib/gcc/avr/4.3.3/avr5\libgcc.a(_mulsi3.o)
 .bss           0x008000c6        0x0 c:/users/a7med/eclipse/embedcpp-2022-12/eclipse/winavr/bin/../lib/gcc/avr/4.3.3/avr5\libgcc.a(_udivmodqi4.o)
 .bss           0x008000c6        0x0 c:/users/a7med/eclipse/embedcpp-2022-12/eclipse/winavr/bin/../lib/gcc/avr/4.3.3/avr5\libgcc.a(_udivmodhi4.o)
 .bss           0x008000c6        0x0 c:/users/a7med/eclipse/embedcpp-2022-12/eclipse/winavr/bin/../lib/gcc/avr/4.3.3/avr5\libgcc.a(_divmodhi4.o)
 .bss           0x008000c6        0x0 c:/users/a7med/eclipse/embedcpp-2022-12/eclipse/winavr/bin/../lib/gcc/avr/4.3.3/avr5\libgcc.a(_divmodsi4.o)
 .bss           0x008000c6        0x0 c:/users/a7med/eclipse/embedcpp-2022-12/eclipse/winavr/bin/../lib/gcc/avr/4.3.3/avr5\libgcc.a(_exit.o)
 .bss           0x008000c6        0x0 c:/users/a7med/eclipse/embedcpp-2022-12/eclipse/winavr/bin/../lib/gcc/avr/4.3.3/avr5\libgcc.a(_copy_data.o)
 .bss           0x008000c6        0x0 c:/users/a7med/eclipse/embedcpp-2022-12/eclipse/winavr/bin/../lib/gcc/avr/4.3.3/avr5\libgcc.a(_clear_bss.o)
 .bss           0x008000c6        0x0 c:/users/a7med/eclipse/embedcpp-2022-12/eclipse/winavr/bin/../lib/gcc/avr/4.3.3/avr5\libgcc.a(_fixunssfsi.o)
 .bss           0x008000c6        0x0 c:/users/a7med/eclipse/embedcpp-2022-12/eclipse/winavr/bin/../lib/gcc/avr/4.3.3/avr5\libgcc.a(_addsub_sf.o)
 .bss           0x008000c6        0x0 c:/users/a7med/eclipse/embedcpp-2022-12/eclipse/winavr/bin/../lib/gcc/avr/4.3.3/avr5\libgcc.a(_mul_sf.o)
 .bss           0x008000c6        0x0 c:/users/a7med/eclipse/embedcpp-2022-12/eclipse/winavr/bin/../lib/gcc/avr/4.3.3/avr5\libgcc.a(_gt_sf.o)
 .bss           0x008000c6        0x0 c:/users/a7med/eclipse/embedcpp-2022-12/eclipse/winavr/bin/../lib/gcc/avr/4.3.3/avr5\libgcc.a(_ge_sf.o)
 .bss           0x008000c6        0x0 c:/users/a7med/eclipse/embedcpp-2022-12/eclipse/winavr/bin/../lib/gcc/avr/4.3.3/avr5\libgcc.a(_lt_sf.o)
 .bss           0x008000c6        0x0 c:/users/a7med/eclipse/embedcpp-2022-12/eclipse/winavr/bin/../lib/gcc/avr/4.3.3/avr5\libgcc.a(_sf_to_si.o)
 .bss           0x008000c6        0x0 c:/users/a7med/eclipse/embedcpp-2022-12/eclipse/winavr/bin/../lib/gcc/avr/4.3.3/avr5\libgcc.a(_thenan_sf.o)
 .bss           0x008000c6        0x0 c:/users/a7med/eclipse/embedcpp-2022-12/eclipse/winavr/bin/../lib/gcc/avr/4.3.3/avr5\libgcc.a(_udivmodsi4.o)
 .bss           0x008000c6        0x0 c:/users/a7med/eclipse/embedcpp-2022-12/eclipse/winavr/bin/../lib/gcc/avr/4.3.3/avr5\libgcc.a(_prologue.o)
 .bss           0x008000c6        0x0 c:/users/a7med/eclipse/embedcpp-2022-12/eclipse/winavr/bin/../lib/gcc/avr/4.3.3/avr5\libgcc.a(_epilogue.o)
 .bss           0x008000c6        0x0 c:/users/a7med/eclipse/embedcpp-2022-12/eclipse/winavr/bin/../lib/gcc/avr/4.3.3/avr5\libgcc.a(_pack_sf.o)
 .bss           0x008000c6        0x0 c:/users/a7med/eclipse/embedcpp-2022-12/eclipse/winavr/bin/../lib/gcc/avr/4.3.3/avr5\libgcc.a(_unpack_sf.o)
 .bss           0x008000c6        0x0 c:/users/a7med/eclipse/embedcpp-2022-12/eclipse/winavr/bin/../lib/gcc/avr/4.3.3/avr5\libgcc.a(_fpcmp_parts_sf.o)
 *(.bss*)
 .bss.Aptr      0x008000c6        0x2 ./ADC.o
                0x008000c6                Aptr
 .bss.Gptr0     0x008000c8        0x2 ./EXTI.o
                0x008000c8                Gptr0
 .bss.Gptr1     0x008000ca        0x2 ./EXTI.o
                0x008000ca                Gptr1
 .bss.Gptr2     0x008000cc        0x2 ./EXTI.o
                0x008000cc                Gptr2
 .bss.Sptr      0x008000ce        0x2 ./SPI.o
                0x008000ce                Sptr
 .bss.Tptr1     0x008000d0        0x2 ./Timer0.o
                0x008000d0                Tptr1
 .bss.Tptr2     0x008000d2        0x2 ./Timer0.o
                0x008000d2                Tptr2
 .bss.T1Ptr1    0x008000d4        0x2 ./Timer1.o
                0x008000d4                T1Ptr1
 .bss.T1Ptr2    0x008000d6        0x2 ./Timer1.o
                0x008000d6                T1Ptr2
 .bss.T1Ptr3    0x008000d8        0x2 ./Timer1.o
                0x008000d8                T1Ptr3
 .bss.T1Ptr4    0x008000da        0x2 ./Timer1.o
                0x008000da                T1Ptr4
 .bss.T1Flag    0x008000dc        0x1 ./Timer1.o
                0x008000dc                T1Flag
 .bss.Uptr1     0x008000dd        0x2 ./UART.o
                0x008000dd                Uptr1
 .bss.Uptr2     0x008000df        0x2 ./UART.o
                0x008000df                Uptr2
 .bss.Uptr3     0x008000e1        0x2 ./UART.o
                0x008000e1                Uptr3
 *(COMMON)
 COMMON         0x008000e3        0x7 ./Timer1.o
                0x008000e3                T1TotalCounts
                0x008000e4                T1TimeOn
                0x008000e6                T1TimeTotal
                0x008000e8                T1OnCounts
                0x008000e9                T1Counter
                0x008000ea                PROVIDE (__bss_end, .)
                0x0000695c                __data_load_start = LOADADDR (.data)
                0x000069c2                __data_load_end = (__data_load_start + SIZEOF (.data))

.noinit         0x008000ea        0x0
                0x008000ea                PROVIDE (__noinit_start, .)
 *(.noinit*)
                0x008000ea                PROVIDE (__noinit_end, .)
                0x008000ea                _end = .
                0x008000ea                PROVIDE (__heap_start, .)

.eeprom         0x00810000        0x0
 *(.eeprom*)
                0x00810000                __eeprom_end = .

.fuse
 *(.fuse)
 *(.lfuse)
 *(.hfuse)
 *(.efuse)

.lock
 *(.lock*)

.signature
 *(.signature*)

.stab           0x00000000     0x6df8
 *(.stab)
 .stab          0x00000000      0x564 ./ADC.o
 .stab          0x00000564     0x1fbc ./APP.o
                               0x21cc (size before relaxing)
 .stab          0x00002520      0x774 ./DIO.o
                                0x990 (size before relaxing)
 .stab          0x00002c94      0x5c4 ./EXTI.o
                                0x654 (size before relaxing)
 .stab          0x00003258      0x318 ./H_Bridge.o
                                0x534 (size before relaxing)
 .stab          0x00003570      0x384 ./KEYPAD.o
                                0x5a0 (size before relaxing)
 .stab          0x000038f4      0xf9c ./LCD.o
                               0x11b8 (size before relaxing)
 .stab          0x00004890      0x510 ./LedAndBuzzer.o
                                0x72c (size before relaxing)
 .stab          0x00004da0      0x6cc ./PushButtons.o
                                0x8e8 (size before relaxing)
 .stab          0x0000546c      0x300 ./SPI.o
                                0x390 (size before relaxing)
 .stab          0x0000576c      0x390 ./Timer0.o
                                0x420 (size before relaxing)
 .stab          0x00005afc      0x870 ./Timer1.o
                                0x900 (size before relaxing)
 .stab          0x0000636c      0x420 ./UART.o
                                0x4b0 (size before relaxing)
 .stab          0x0000678c      0x39c ./_7Segma.o
                                0x5c4 (size before relaxing)
 .stab          0x00006b28      0x2d0 ./main.o
                                0x4f8 (size before relaxing)

.stabstr        0x00000000     0x231b
 *(.stabstr)
 .stabstr       0x00000000     0x231b ./ADC.o

.stab.excl
 *(.stab.excl)

.stab.exclstr
 *(.stab.exclstr)

.stab.index
 *(.stab.index)

.stab.indexstr
 *(.stab.indexstr)

.comment
 *(.comment)

.debug
 *(.debug)

.line
 *(.line)

.debug_srcinfo
 *(.debug_srcinfo)

.debug_sfnames
 *(.debug_sfnames)

.debug_aranges  0x00000000      0x140
 *(.debug_aranges)
 .debug_aranges
                0x00000000       0x20 c:/users/a7med/eclipse/embedcpp-2022-12/eclipse/winavr/bin/../lib/gcc/avr/4.3.3/avr5\libgcc.a(_fixunssfsi.o)
 .debug_aranges
                0x00000020       0x20 c:/users/a7med/eclipse/embedcpp-2022-12/eclipse/winavr/bin/../lib/gcc/avr/4.3.3/avr5\libgcc.a(_addsub_sf.o)
 .debug_aranges
                0x00000040       0x20 c:/users/a7med/eclipse/embedcpp-2022-12/eclipse/winavr/bin/../lib/gcc/avr/4.3.3/avr5\libgcc.a(_mul_sf.o)
 .debug_aranges
                0x00000060       0x20 c:/users/a7med/eclipse/embedcpp-2022-12/eclipse/winavr/bin/../lib/gcc/avr/4.3.3/avr5\libgcc.a(_gt_sf.o)
 .debug_aranges
                0x00000080       0x20 c:/users/a7med/eclipse/embedcpp-2022-12/eclipse/winavr/bin/../lib/gcc/avr/4.3.3/avr5\libgcc.a(_ge_sf.o)
 .debug_aranges
                0x000000a0       0x20 c:/users/a7med/eclipse/embedcpp-2022-12/eclipse/winavr/bin/../lib/gcc/avr/4.3.3/avr5\libgcc.a(_lt_sf.o)
 .debug_aranges
                0x000000c0       0x20 c:/users/a7med/eclipse/embedcpp-2022-12/eclipse/winavr/bin/../lib/gcc/avr/4.3.3/avr5\libgcc.a(_sf_to_si.o)
 .debug_aranges
                0x000000e0       0x20 c:/users/a7med/eclipse/embedcpp-2022-12/eclipse/winavr/bin/../lib/gcc/avr/4.3.3/avr5\libgcc.a(_pack_sf.o)
 .debug_aranges
                0x00000100       0x20 c:/users/a7med/eclipse/embedcpp-2022-12/eclipse/winavr/bin/../lib/gcc/avr/4.3.3/avr5\libgcc.a(_unpack_sf.o)
 .debug_aranges
                0x00000120       0x20 c:/users/a7med/eclipse/embedcpp-2022-12/eclipse/winavr/bin/../lib/gcc/avr/4.3.3/avr5\libgcc.a(_fpcmp_parts_sf.o)

.debug_pubnames
                0x00000000      0x170
 *(.debug_pubnames)
 .debug_pubnames
                0x00000000       0x23 c:/users/a7med/eclipse/embedcpp-2022-12/eclipse/winavr/bin/../lib/gcc/avr/4.3.3/avr5\libgcc.a(_fixunssfsi.o)
 .debug_pubnames
                0x00000023       0x2c c:/users/a7med/eclipse/embedcpp-2022-12/eclipse/winavr/bin/../lib/gcc/avr/4.3.3/avr5\libgcc.a(_addsub_sf.o)
 .debug_pubnames
                0x0000004f       0x1f c:/users/a7med/eclipse/embedcpp-2022-12/eclipse/winavr/bin/../lib/gcc/avr/4.3.3/avr5\libgcc.a(_mul_sf.o)
 .debug_pubnames
                0x0000006e       0x1e c:/users/a7med/eclipse/embedcpp-2022-12/eclipse/winavr/bin/../lib/gcc/avr/4.3.3/avr5\libgcc.a(_gt_sf.o)
 .debug_pubnames
                0x0000008c       0x1e c:/users/a7med/eclipse/embedcpp-2022-12/eclipse/winavr/bin/../lib/gcc/avr/4.3.3/avr5\libgcc.a(_ge_sf.o)
 .debug_pubnames
                0x000000aa       0x1e c:/users/a7med/eclipse/embedcpp-2022-12/eclipse/winavr/bin/../lib/gcc/avr/4.3.3/avr5\libgcc.a(_lt_sf.o)
 .debug_pubnames
                0x000000c8       0x20 c:/users/a7med/eclipse/embedcpp-2022-12/eclipse/winavr/bin/../lib/gcc/avr/4.3.3/avr5\libgcc.a(_sf_to_si.o)
 .debug_pubnames
                0x000000e8       0x22 c:/users/a7med/eclipse/embedcpp-2022-12/eclipse/winavr/bin/../lib/gcc/avr/4.3.3/avr5\libgcc.a(_thenan_sf.o)
 .debug_pubnames
                0x0000010a       0x1f c:/users/a7med/eclipse/embedcpp-2022-12/eclipse/winavr/bin/../lib/gcc/avr/4.3.3/avr5\libgcc.a(_pack_sf.o)
 .debug_pubnames
                0x00000129       0x21 c:/users/a7med/eclipse/embedcpp-2022-12/eclipse/winavr/bin/../lib/gcc/avr/4.3.3/avr5\libgcc.a(_unpack_sf.o)
 .debug_pubnames
                0x0000014a       0x26 c:/users/a7med/eclipse/embedcpp-2022-12/eclipse/winavr/bin/../lib/gcc/avr/4.3.3/avr5\libgcc.a(_fpcmp_parts_sf.o)

.debug_info     0x00000000     0x1c49
 *(.debug_info)
 .debug_info    0x00000000       0xb1 c:/users/a7med/eclipse/embedcpp-2022-12/eclipse/winavr/bin/../lib/gcc/avr/4.3.3/avr5\libgcc.a(_fixunssfsi.o)
 .debug_info    0x000000b1      0x47a c:/users/a7med/eclipse/embedcpp-2022-12/eclipse/winavr/bin/../lib/gcc/avr/4.3.3/avr5\libgcc.a(_addsub_sf.o)
 .debug_info    0x0000052b      0x485 c:/users/a7med/eclipse/embedcpp-2022-12/eclipse/winavr/bin/../lib/gcc/avr/4.3.3/avr5\libgcc.a(_mul_sf.o)
 .debug_info    0x000009b0      0x27f c:/users/a7med/eclipse/embedcpp-2022-12/eclipse/winavr/bin/../lib/gcc/avr/4.3.3/avr5\libgcc.a(_gt_sf.o)
 .debug_info    0x00000c2f      0x27f c:/users/a7med/eclipse/embedcpp-2022-12/eclipse/winavr/bin/../lib/gcc/avr/4.3.3/avr5\libgcc.a(_ge_sf.o)
 .debug_info    0x00000eae      0x27f c:/users/a7med/eclipse/embedcpp-2022-12/eclipse/winavr/bin/../lib/gcc/avr/4.3.3/avr5\libgcc.a(_lt_sf.o)
 .debug_info    0x0000112d      0x2b0 c:/users/a7med/eclipse/embedcpp-2022-12/eclipse/winavr/bin/../lib/gcc/avr/4.3.3/avr5\libgcc.a(_sf_to_si.o)
 .debug_info    0x000013dd      0x12c c:/users/a7med/eclipse/embedcpp-2022-12/eclipse/winavr/bin/../lib/gcc/avr/4.3.3/avr5\libgcc.a(_thenan_sf.o)
 .debug_info    0x00001509      0x2df c:/users/a7med/eclipse/embedcpp-2022-12/eclipse/winavr/bin/../lib/gcc/avr/4.3.3/avr5\libgcc.a(_pack_sf.o)
 .debug_info    0x000017e8      0x251 c:/users/a7med/eclipse/embedcpp-2022-12/eclipse/winavr/bin/../lib/gcc/avr/4.3.3/avr5\libgcc.a(_unpack_sf.o)
 .debug_info    0x00001a39      0x210 c:/users/a7med/eclipse/embedcpp-2022-12/eclipse/winavr/bin/../lib/gcc/avr/4.3.3/avr5\libgcc.a(_fpcmp_parts_sf.o)
 *(.gnu.linkonce.wi.*)

.debug_abbrev   0x00000000      0xeeb
 *(.debug_abbrev)
 .debug_abbrev  0x00000000       0x5d c:/users/a7med/eclipse/embedcpp-2022-12/eclipse/winavr/bin/../lib/gcc/avr/4.3.3/avr5\libgcc.a(_fixunssfsi.o)
 .debug_abbrev  0x0000005d      0x1ea c:/users/a7med/eclipse/embedcpp-2022-12/eclipse/winavr/bin/../lib/gcc/avr/4.3.3/avr5\libgcc.a(_addsub_sf.o)
 .debug_abbrev  0x00000247      0x21b c:/users/a7med/eclipse/embedcpp-2022-12/eclipse/winavr/bin/../lib/gcc/avr/4.3.3/avr5\libgcc.a(_mul_sf.o)
 .debug_abbrev  0x00000462      0x15a c:/users/a7med/eclipse/embedcpp-2022-12/eclipse/winavr/bin/../lib/gcc/avr/4.3.3/avr5\libgcc.a(_gt_sf.o)
 .debug_abbrev  0x000005bc      0x15a c:/users/a7med/eclipse/embedcpp-2022-12/eclipse/winavr/bin/../lib/gcc/avr/4.3.3/avr5\libgcc.a(_ge_sf.o)
 .debug_abbrev  0x00000716      0x15a c:/users/a7med/eclipse/embedcpp-2022-12/eclipse/winavr/bin/../lib/gcc/avr/4.3.3/avr5\libgcc.a(_lt_sf.o)
 .debug_abbrev  0x00000870      0x17f c:/users/a7med/eclipse/embedcpp-2022-12/eclipse/winavr/bin/../lib/gcc/avr/4.3.3/avr5\libgcc.a(_sf_to_si.o)
 .debug_abbrev  0x000009ef       0xad c:/users/a7med/eclipse/embedcpp-2022-12/eclipse/winavr/bin/../lib/gcc/avr/4.3.3/avr5\libgcc.a(_thenan_sf.o)
 .debug_abbrev  0x00000a9c      0x1c0 c:/users/a7med/eclipse/embedcpp-2022-12/eclipse/winavr/bin/../lib/gcc/avr/4.3.3/avr5\libgcc.a(_pack_sf.o)
 .debug_abbrev  0x00000c5c      0x154 c:/users/a7med/eclipse/embedcpp-2022-12/eclipse/winavr/bin/../lib/gcc/avr/4.3.3/avr5\libgcc.a(_unpack_sf.o)
 .debug_abbrev  0x00000db0      0x13b c:/users/a7med/eclipse/embedcpp-2022-12/eclipse/winavr/bin/../lib/gcc/avr/4.3.3/avr5\libgcc.a(_fpcmp_parts_sf.o)

.debug_line     0x00000000      0xdad
 *(.debug_line)
 .debug_line    0x00000000       0xa7 c:/users/a7med/eclipse/embedcpp-2022-12/eclipse/winavr/bin/../lib/gcc/avr/4.3.3/avr5\libgcc.a(_fixunssfsi.o)
 .debug_line    0x000000a7      0x2af c:/users/a7med/eclipse/embedcpp-2022-12/eclipse/winavr/bin/../lib/gcc/avr/4.3.3/avr5\libgcc.a(_addsub_sf.o)
 .debug_line    0x00000356      0x239 c:/users/a7med/eclipse/embedcpp-2022-12/eclipse/winavr/bin/../lib/gcc/avr/4.3.3/avr5\libgcc.a(_mul_sf.o)
 .debug_line    0x0000058f       0xd3 c:/users/a7med/eclipse/embedcpp-2022-12/eclipse/winavr/bin/../lib/gcc/avr/4.3.3/avr5\libgcc.a(_gt_sf.o)
 .debug_line    0x00000662       0xd3 c:/users/a7med/eclipse/embedcpp-2022-12/eclipse/winavr/bin/../lib/gcc/avr/4.3.3/avr5\libgcc.a(_ge_sf.o)
 .debug_line    0x00000735       0xd3 c:/users/a7med/eclipse/embedcpp-2022-12/eclipse/winavr/bin/../lib/gcc/avr/4.3.3/avr5\libgcc.a(_lt_sf.o)
 .debug_line    0x00000808      0x109 c:/users/a7med/eclipse/embedcpp-2022-12/eclipse/winavr/bin/../lib/gcc/avr/4.3.3/avr5\libgcc.a(_sf_to_si.o)
 .debug_line    0x00000911       0x90 c:/users/a7med/eclipse/embedcpp-2022-12/eclipse/winavr/bin/../lib/gcc/avr/4.3.3/avr5\libgcc.a(_thenan_sf.o)
 .debug_line    0x000009a1      0x18a c:/users/a7med/eclipse/embedcpp-2022-12/eclipse/winavr/bin/../lib/gcc/avr/4.3.3/avr5\libgcc.a(_pack_sf.o)
 .debug_line    0x00000b2b      0x14b c:/users/a7med/eclipse/embedcpp-2022-12/eclipse/winavr/bin/../lib/gcc/avr/4.3.3/avr5\libgcc.a(_unpack_sf.o)
 .debug_line    0x00000c76      0x137 c:/users/a7med/eclipse/embedcpp-2022-12/eclipse/winavr/bin/../lib/gcc/avr/4.3.3/avr5\libgcc.a(_fpcmp_parts_sf.o)

.debug_frame    0x00000000      0x160
 *(.debug_frame)
 .debug_frame   0x00000000       0x20 c:/users/a7med/eclipse/embedcpp-2022-12/eclipse/winavr/bin/../lib/gcc/avr/4.3.3/avr5\libgcc.a(_fixunssfsi.o)
 .debug_frame   0x00000020       0x40 c:/users/a7med/eclipse/embedcpp-2022-12/eclipse/winavr/bin/../lib/gcc/avr/4.3.3/avr5\libgcc.a(_addsub_sf.o)
 .debug_frame   0x00000060       0x20 c:/users/a7med/eclipse/embedcpp-2022-12/eclipse/winavr/bin/../lib/gcc/avr/4.3.3/avr5\libgcc.a(_mul_sf.o)
 .debug_frame   0x00000080       0x20 c:/users/a7med/eclipse/embedcpp-2022-12/eclipse/winavr/bin/../lib/gcc/avr/4.3.3/avr5\libgcc.a(_gt_sf.o)
 .debug_frame   0x000000a0       0x20 c:/users/a7med/eclipse/embedcpp-2022-12/eclipse/winavr/bin/../lib/gcc/avr/4.3.3/avr5\libgcc.a(_ge_sf.o)
 .debug_frame   0x000000c0       0x20 c:/users/a7med/eclipse/embedcpp-2022-12/eclipse/winavr/bin/../lib/gcc/avr/4.3.3/avr5\libgcc.a(_lt_sf.o)
 .debug_frame   0x000000e0       0x20 c:/users/a7med/eclipse/embedcpp-2022-12/eclipse/winavr/bin/../lib/gcc/avr/4.3.3/avr5\libgcc.a(_sf_to_si.o)
 .debug_frame   0x00000100       0x20 c:/users/a7med/eclipse/embedcpp-2022-12/eclipse/winavr/bin/../lib/gcc/avr/4.3.3/avr5\libgcc.a(_pack_sf.o)
 .debug_frame   0x00000120       0x20 c:/users/a7med/eclipse/embedcpp-2022-12/eclipse/winavr/bin/../lib/gcc/avr/4.3.3/avr5\libgcc.a(_unpack_sf.o)
 .debug_frame   0x00000140       0x20 c:/users/a7med/eclipse/embedcpp-2022-12/eclipse/winavr/bin/../lib/gcc/avr/4.3.3/avr5\libgcc.a(_fpcmp_parts_sf.o)

.debug_str      0x00000000      0x28d
 *(.debug_str)
 .debug_str     0x00000000       0xbf c:/users/a7med/eclipse/embedcpp-2022-12/eclipse/winavr/bin/../lib/gcc/avr/4.3.3/avr5\libgcc.a(_fixunssfsi.o)
                                 0xfe (size before relaxing)
 .debug_str     0x000000bf      0x14d c:/users/a7med/eclipse/embedcpp-2022-12/eclipse/winavr/bin/../lib/gcc/avr/4.3.3/avr5\libgcc.a(_addsub_sf.o)
                                0x206 (size before relaxing)
 .debug_str     0x0000020c       0x27 c:/users/a7med/eclipse/embedcpp-2022-12/eclipse/winavr/bin/../lib/gcc/avr/4.3.3/avr5\libgcc.a(_mul_sf.o)
                                0x1bf (size before relaxing)
 .debug_str     0x00000233        0xf c:/users/a7med/eclipse/embedcpp-2022-12/eclipse/winavr/bin/../lib/gcc/avr/4.3.3/avr5\libgcc.a(_gt_sf.o)
                                0x195 (size before relaxing)
 .debug_str     0x00000242        0x8 c:/users/a7med/eclipse/embedcpp-2022-12/eclipse/winavr/bin/../lib/gcc/avr/4.3.3/avr5\libgcc.a(_ge_sf.o)
                                0x195 (size before relaxing)
 .debug_str     0x0000024a        0x8 c:/users/a7med/eclipse/embedcpp-2022-12/eclipse/winavr/bin/../lib/gcc/avr/4.3.3/avr5\libgcc.a(_lt_sf.o)
                                0x195 (size before relaxing)
 .debug_str     0x00000252        0xa c:/users/a7med/eclipse/embedcpp-2022-12/eclipse/winavr/bin/../lib/gcc/avr/4.3.3/avr5\libgcc.a(_sf_to_si.o)
                                0x19e (size before relaxing)
 .debug_str     0x00000000      0x103 c:/users/a7med/eclipse/embedcpp-2022-12/eclipse/winavr/bin/../lib/gcc/avr/4.3.3/avr5\libgcc.a(_thenan_sf.o)
 .debug_str     0x0000025c       0x16 c:/users/a7med/eclipse/embedcpp-2022-12/eclipse/winavr/bin/../lib/gcc/avr/4.3.3/avr5\libgcc.a(_pack_sf.o)
                                0x19d (size before relaxing)
 .debug_str     0x00000272        0xb c:/users/a7med/eclipse/embedcpp-2022-12/eclipse/winavr/bin/../lib/gcc/avr/4.3.3/avr5\libgcc.a(_unpack_sf.o)
                                0x17f (size before relaxing)
 .debug_str     0x0000027d       0x10 c:/users/a7med/eclipse/embedcpp-2022-12/eclipse/winavr/bin/../lib/gcc/avr/4.3.3/avr5\libgcc.a(_fpcmp_parts_sf.o)
                                0x163 (size before relaxing)

.debug_loc      0x00000000      0x7ce
 *(.debug_loc)
 .debug_loc     0x00000000       0x34 c:/users/a7med/eclipse/embedcpp-2022-12/eclipse/winavr/bin/../lib/gcc/avr/4.3.3/avr5\libgcc.a(_fixunssfsi.o)
 .debug_loc     0x00000034      0x32a c:/users/a7med/eclipse/embedcpp-2022-12/eclipse/winavr/bin/../lib/gcc/avr/4.3.3/avr5\libgcc.a(_addsub_sf.o)
 .debug_loc     0x0000035e      0x104 c:/users/a7med/eclipse/embedcpp-2022-12/eclipse/winavr/bin/../lib/gcc/avr/4.3.3/avr5\libgcc.a(_mul_sf.o)
 .debug_loc     0x00000462       0x3c c:/users/a7med/eclipse/embedcpp-2022-12/eclipse/winavr/bin/../lib/gcc/avr/4.3.3/avr5\libgcc.a(_gt_sf.o)
 .debug_loc     0x0000049e       0x3c c:/users/a7med/eclipse/embedcpp-2022-12/eclipse/winavr/bin/../lib/gcc/avr/4.3.3/avr5\libgcc.a(_ge_sf.o)
 .debug_loc     0x000004da       0x3c c:/users/a7med/eclipse/embedcpp-2022-12/eclipse/winavr/bin/../lib/gcc/avr/4.3.3/avr5\libgcc.a(_lt_sf.o)
 .debug_loc     0x00000516       0x7e c:/users/a7med/eclipse/embedcpp-2022-12/eclipse/winavr/bin/../lib/gcc/avr/4.3.3/avr5\libgcc.a(_sf_to_si.o)
 .debug_loc     0x00000594      0x13e c:/users/a7med/eclipse/embedcpp-2022-12/eclipse/winavr/bin/../lib/gcc/avr/4.3.3/avr5\libgcc.a(_pack_sf.o)
 .debug_loc     0x000006d2       0xac c:/users/a7med/eclipse/embedcpp-2022-12/eclipse/winavr/bin/../lib/gcc/avr/4.3.3/avr5\libgcc.a(_unpack_sf.o)
 .debug_loc     0x0000077e       0x50 c:/users/a7med/eclipse/embedcpp-2022-12/eclipse/winavr/bin/../lib/gcc/avr/4.3.3/avr5\libgcc.a(_fpcmp_parts_sf.o)

.debug_macinfo
 *(.debug_macinfo)
OUTPUT(medo.elf elf32-avr)
LOAD linker stubs

.debug_ranges   0x00000000       0x50
 .debug_ranges  0x00000000       0x50 c:/users/a7med/eclipse/embedcpp-2022-12/eclipse/winavr/bin/../lib/gcc/avr/4.3.3/avr5\libgcc.a(_mul_sf.o)
