Archive member included because of file (symbol)

c:/users/a7med/eclipse/embedcpp-2022-12/eclipse/winavr/bin/../lib/gcc/avr/4.3.3/avr5\libgcc.a(_mulsi3.o)
                              ./MCAL/Timer1/Timer1.o (__mulsi3)
c:/users/a7med/eclipse/embedcpp-2022-12/eclipse/winavr/bin/../lib/gcc/avr/4.3.3/avr5\libgcc.a(_udivmodqi4.o)
                              ./APP/APP.o (__udivmodqi4)
c:/users/a7med/eclipse/embedcpp-2022-12/eclipse/winavr/bin/../lib/gcc/avr/4.3.3/avr5\libgcc.a(_udivmodhi4.o)
                              ./APP/APP.o (__udivmodhi4)
c:/users/a7med/eclipse/embedcpp-2022-12/eclipse/winavr/bin/../lib/gcc/avr/4.3.3/avr5\libgcc.a(_divmodhi4.o)
                              ./APP/APP.o (__divmodhi4)
c:/users/a7med/eclipse/embedcpp-2022-12/eclipse/winavr/bin/../lib/gcc/avr/4.3.3/avr5\libgcc.a(_divmodsi4.o)
                              ./MCAL/Timer1/Timer1.o (__divmodsi4)
c:/users/a7med/eclipse/embedcpp-2022-12/eclipse/winavr/bin/../lib/gcc/avr/4.3.3/avr5\libgcc.a(_exit.o)
                              c:/users/a7med/eclipse/embedcpp-2022-12/eclipse/winavr/bin/../lib/gcc/avr/4.3.3/../../../../avr/lib/avr5/crtm32.o (exit)
c:/users/a7med/eclipse/embedcpp-2022-12/eclipse/winavr/bin/../lib/gcc/avr/4.3.3/avr5\libgcc.a(_copy_data.o)
                              ./HAL/KEYPAD/Config_KEYPAD.o (__do_copy_data)
c:/users/a7med/eclipse/embedcpp-2022-12/eclipse/winavr/bin/../lib/gcc/avr/4.3.3/avr5\libgcc.a(_clear_bss.o)
                              ./MCAL/UART/UART.o (__do_clear_bss)
c:/users/a7med/eclipse/embedcpp-2022-12/eclipse/winavr/bin/../lib/gcc/avr/4.3.3/avr5\libgcc.a(_fixunssfsi.o)
                              ./MCAL/ADC/ADC.o (__fixunssfsi)
c:/users/a7med/eclipse/embedcpp-2022-12/eclipse/winavr/bin/../lib/gcc/avr/4.3.3/avr5\libgcc.a(_addsub_sf.o)
                              c:/users/a7med/eclipse/embedcpp-2022-12/eclipse/winavr/bin/../lib/gcc/avr/4.3.3/avr5\libgcc.a(_fixunssfsi.o) (__subsf3)
c:/users/a7med/eclipse/embedcpp-2022-12/eclipse/winavr/bin/../lib/gcc/avr/4.3.3/avr5\libgcc.a(_mul_sf.o)
                              ./MCAL/ADC/ADC.o (__mulsf3)
c:/users/a7med/eclipse/embedcpp-2022-12/eclipse/winavr/bin/../lib/gcc/avr/4.3.3/avr5\libgcc.a(_gt_sf.o)
                              ./MCAL/ADC/ADC.o (__gtsf2)
c:/users/a7med/eclipse/embedcpp-2022-12/eclipse/winavr/bin/../lib/gcc/avr/4.3.3/avr5\libgcc.a(_ge_sf.o)
                              c:/users/a7med/eclipse/embedcpp-2022-12/eclipse/winavr/bin/../lib/gcc/avr/4.3.3/avr5\libgcc.a(_fixunssfsi.o) (__gesf2)
c:/users/a7med/eclipse/embedcpp-2022-12/eclipse/winavr/bin/../lib/gcc/avr/4.3.3/avr5\libgcc.a(_lt_sf.o)
                              ./MCAL/ADC/ADC.o (__ltsf2)
c:/users/a7med/eclipse/embedcpp-2022-12/eclipse/winavr/bin/../lib/gcc/avr/4.3.3/avr5\libgcc.a(_sf_to_si.o)
                              c:/users/a7med/eclipse/embedcpp-2022-12/eclipse/winavr/bin/../lib/gcc/avr/4.3.3/avr5\libgcc.a(_fixunssfsi.o) (__fixsfsi)
c:/users/a7med/eclipse/embedcpp-2022-12/eclipse/winavr/bin/../lib/gcc/avr/4.3.3/avr5\libgcc.a(_thenan_sf.o)
                              c:/users/a7med/eclipse/embedcpp-2022-12/eclipse/winavr/bin/../lib/gcc/avr/4.3.3/avr5\libgcc.a(_addsub_sf.o) (__thenan_sf)
c:/users/a7med/eclipse/embedcpp-2022-12/eclipse/winavr/bin/../lib/gcc/avr/4.3.3/avr5\libgcc.a(_udivmodsi4.o)
                              c:/users/a7med/eclipse/embedcpp-2022-12/eclipse/winavr/bin/../lib/gcc/avr/4.3.3/avr5\libgcc.a(_divmodsi4.o) (__udivmodsi4)
c:/users/a7med/eclipse/embedcpp-2022-12/eclipse/winavr/bin/../lib/gcc/avr/4.3.3/avr5\libgcc.a(_prologue.o)
                              c:/users/a7med/eclipse/embedcpp-2022-12/eclipse/winavr/bin/../lib/gcc/avr/4.3.3/avr5\libgcc.a(_addsub_sf.o) (__prologue_saves__)
c:/users/a7med/eclipse/embedcpp-2022-12/eclipse/winavr/bin/../lib/gcc/avr/4.3.3/avr5\libgcc.a(_epilogue.o)
                              c:/users/a7med/eclipse/embedcpp-2022-12/eclipse/winavr/bin/../lib/gcc/avr/4.3.3/avr5\libgcc.a(_addsub_sf.o) (__epilogue_restores__)
c:/users/a7med/eclipse/embedcpp-2022-12/eclipse/winavr/bin/../lib/gcc/avr/4.3.3/avr5\libgcc.a(_pack_sf.o)
                              c:/users/a7med/eclipse/embedcpp-2022-12/eclipse/winavr/bin/../lib/gcc/avr/4.3.3/avr5\libgcc.a(_addsub_sf.o) (__pack_f)
c:/users/a7med/eclipse/embedcpp-2022-12/eclipse/winavr/bin/../lib/gcc/avr/4.3.3/avr5\libgcc.a(_unpack_sf.o)
                              c:/users/a7med/eclipse/embedcpp-2022-12/eclipse/winavr/bin/../lib/gcc/avr/4.3.3/avr5\libgcc.a(_addsub_sf.o) (__unpack_f)
c:/users/a7med/eclipse/embedcpp-2022-12/eclipse/winavr/bin/../lib/gcc/avr/4.3.3/avr5\libgcc.a(_fpcmp_parts_sf.o)
                              c:/users/a7med/eclipse/embedcpp-2022-12/eclipse/winavr/bin/../lib/gcc/avr/4.3.3/avr5\libgcc.a(_gt_sf.o) (__fpcmp_parts_f)

Allocating common symbols
Common symbol       size              file

T1TotalCounts       0x1               ./MCAL/Timer1/Timer1.o
T1TimeOn            0x2               ./MCAL/Timer1/Timer1.o
T1TimeTotal         0x2               ./MCAL/Timer1/Timer1.o
T1OnCounts          0x1               ./MCAL/Timer1/Timer1.o
T1Counter           0x1               ./MCAL/Timer1/Timer1.o

Memory Configuration

Name             Origin             Length             Attributes
text             0x00000000         0x00020000         xr
data             0x00800060         0x0000ffa0         rw !x
eeprom           0x00810000         0x00010000         rw !x
fuse             0x00820000         0x00000400         rw !x
lock             0x00830000         0x00000400         rw !x
signature        0x00840000         0x00000400         rw !x
*default*        0x00000000         0xffffffff

Linker script and memory map

LOAD c:/users/a7med/eclipse/embedcpp-2022-12/eclipse/winavr/bin/../lib/gcc/avr/4.3.3/../../../../avr/lib/avr5/crtm32.o
LOAD ./MCAL/UART/UART.o
LOAD ./MCAL/Timer1/Timer1.o
LOAD ./MCAL/Timer0/Timer0.o
LOAD ./MCAL/SPI/SPI.o
LOAD ./MCAL/I2C/I2C.o
LOAD ./MCAL/EXTI/EXTI.o
LOAD ./MCAL/DIO/DIO.o
LOAD ./MCAL/ADC/ADC.o
LOAD ./HAL/ledAndBuzzer/LedAndBuzzer.o
LOAD ./HAL/_7Segma/_7Segma.o
LOAD ./HAL/PushButtons/PushButtons.o
LOAD ./HAL/LCD/LCD.o
LOAD ./HAL/KEYPAD/Config_KEYPAD.o
LOAD ./HAL/KEYPAD/KEYPAD.o
LOAD ./HAL/H_Bridge/H_Bridge.o
LOAD ./APP/APP.o
LOAD ./APP/main.o
LOAD c:/users/a7med/eclipse/embedcpp-2022-12/eclipse/winavr/bin/../lib/gcc/avr/4.3.3/avr5\libgcc.a
LOAD c:/users/a7med/eclipse/embedcpp-2022-12/eclipse/winavr/bin/../lib/gcc/avr/4.3.3/../../../../avr/lib/avr5\libc.a
LOAD c:/users/a7med/eclipse/embedcpp-2022-12/eclipse/winavr/bin/../lib/gcc/avr/4.3.3/avr5\libgcc.a

.hash
 *(.hash)

.dynsym
 *(.dynsym)

.dynstr
 *(.dynstr)

.gnu.version
 *(.gnu.version)

.gnu.version_d
 *(.gnu.version_d)

.gnu.version_r
 *(.gnu.version_r)

.rel.init
 *(.rel.init)

.rela.init
 *(.rela.init)

.rel.text
 *(.rel.text)
 *(.rel.text.*)
 *(.rel.gnu.linkonce.t*)

.rela.text
 *(.rela.text)
 *(.rela.text.*)
 *(.rela.gnu.linkonce.t*)

.rel.fini
 *(.rel.fini)

.rela.fini
 *(.rela.fini)

.rel.rodata
 *(.rel.rodata)
 *(.rel.rodata.*)
 *(.rel.gnu.linkonce.r*)

.rela.rodata
 *(.rela.rodata)
 *(.rela.rodata.*)
 *(.rela.gnu.linkonce.r*)

.rel.data
 *(.rel.data)
 *(.rel.data.*)
 *(.rel.gnu.linkonce.d*)

.rela.data
 *(.rela.data)
 *(.rela.data.*)
 *(.rela.gnu.linkonce.d*)

.rel.ctors
 *(.rel.ctors)

.rela.ctors
 *(.rela.ctors)

.rel.dtors
 *(.rel.dtors)

.rela.dtors
 *(.rela.dtors)

.rel.got
 *(.rel.got)

.rela.got
 *(.rela.got)

.rel.bss
 *(.rel.bss)

.rela.bss
 *(.rela.bss)

.rel.plt
 *(.rel.plt)

.rela.plt
 *(.rela.plt)

.text           0x00000000     0x6b3c
 *(.vectors)
 .vectors       0x00000000       0x54 c:/users/a7med/eclipse/embedcpp-2022-12/eclipse/winavr/bin/../lib/gcc/avr/4.3.3/../../../../avr/lib/avr5/crtm32.o
                0x00000000                __vectors
                0x00000000                __vector_default
 *(.vectors)
 *(.progmem.gcc*)
 *(.progmem*)
                0x00000054                . = ALIGN (0x2)
                0x00000054                __trampolines_start = .
 *(.trampolines)
 .trampolines   0x00000054        0x0 linker stubs
 *(.trampolines*)
                0x00000054                __trampolines_end = .
 *(.jumptables)
 *(.jumptables*)
 *(.lowtext)
 *(.lowtext*)
                0x00000054                __ctors_start = .
 *(.ctors)
                0x00000054                __ctors_end = .
                0x00000054                __dtors_start = .
 *(.dtors)
                0x00000054                __dtors_end = .
 SORT(*)(.ctors)
 SORT(*)(.dtors)
 *(.init0)
 .init0         0x00000054        0x0 c:/users/a7med/eclipse/embedcpp-2022-12/eclipse/winavr/bin/../lib/gcc/avr/4.3.3/../../../../avr/lib/avr5/crtm32.o
                0x00000054                __init
 *(.init0)
 *(.init1)
 *(.init1)
 *(.init2)
 .init2         0x00000054        0xc c:/users/a7med/eclipse/embedcpp-2022-12/eclipse/winavr/bin/../lib/gcc/avr/4.3.3/../../../../avr/lib/avr5/crtm32.o
 *(.init2)
 *(.init3)
 *(.init3)
 *(.init4)
 .init4         0x00000060       0x16 c:/users/a7med/eclipse/embedcpp-2022-12/eclipse/winavr/bin/../lib/gcc/avr/4.3.3/avr5\libgcc.a(_copy_data.o)
                0x00000060                __do_copy_data
 .init4         0x00000076       0x10 c:/users/a7med/eclipse/embedcpp-2022-12/eclipse/winavr/bin/../lib/gcc/avr/4.3.3/avr5\libgcc.a(_clear_bss.o)
                0x00000076                __do_clear_bss
 *(.init4)
 *(.init5)
 *(.init5)
 *(.init6)
 *(.init6)
 *(.init7)
 *(.init7)
 *(.init8)
 *(.init8)
 *(.init9)
 .init9         0x00000086        0x8 c:/users/a7med/eclipse/embedcpp-2022-12/eclipse/winavr/bin/../lib/gcc/avr/4.3.3/../../../../avr/lib/avr5/crtm32.o
 *(.init9)
 *(.text)
 .text          0x0000008e        0x4 c:/users/a7med/eclipse/embedcpp-2022-12/eclipse/winavr/bin/../lib/gcc/avr/4.3.3/../../../../avr/lib/avr5/crtm32.o
                0x0000008e                __bad_interrupt
                0x0000008e                __vector_3
                0x0000008e                __vector_17
                0x0000008e                __vector_5
                0x0000008e                __vector_4
                0x0000008e                __vector_18
                0x0000008e                __vector_20
 .text          0x00000092        0x0 ./MCAL/UART/UART.o
 .text          0x00000092        0x0 ./MCAL/Timer1/Timer1.o
 .text          0x00000092        0x0 ./MCAL/Timer0/Timer0.o
 .text          0x00000092        0x0 ./MCAL/SPI/SPI.o
 .text          0x00000092        0x0 ./MCAL/I2C/I2C.o
 .text          0x00000092        0x0 ./MCAL/EXTI/EXTI.o
 .text          0x00000092        0x0 ./MCAL/DIO/DIO.o
 .text          0x00000092        0x0 ./MCAL/ADC/ADC.o
 .text          0x00000092        0x0 ./HAL/ledAndBuzzer/LedAndBuzzer.o
 .text          0x00000092        0x0 ./HAL/_7Segma/_7Segma.o
 .text          0x00000092        0x0 ./HAL/PushButtons/PushButtons.o
 .text          0x00000092        0x0 ./HAL/LCD/LCD.o
 .text          0x00000092        0x0 ./HAL/KEYPAD/Config_KEYPAD.o
 .text          0x00000092        0x0 ./HAL/KEYPAD/KEYPAD.o
 .text          0x00000092        0x0 ./HAL/H_Bridge/H_Bridge.o
 .text          0x00000092        0x0 ./APP/APP.o
 .text          0x00000092        0x0 ./APP/main.o
 .text          0x00000092        0x0 c:/users/a7med/eclipse/embedcpp-2022-12/eclipse/winavr/bin/../lib/gcc/avr/4.3.3/avr5\libgcc.a(_mulsi3.o)
 .text          0x00000092        0x0 c:/users/a7med/eclipse/embedcpp-2022-12/eclipse/winavr/bin/../lib/gcc/avr/4.3.3/avr5\libgcc.a(_udivmodqi4.o)
 .text          0x00000092        0x0 c:/users/a7med/eclipse/embedcpp-2022-12/eclipse/winavr/bin/../lib/gcc/avr/4.3.3/avr5\libgcc.a(_udivmodhi4.o)
 .text          0x00000092        0x0 c:/users/a7med/eclipse/embedcpp-2022-12/eclipse/winavr/bin/../lib/gcc/avr/4.3.3/avr5\libgcc.a(_divmodhi4.o)
 .text          0x00000092        0x0 c:/users/a7med/eclipse/embedcpp-2022-12/eclipse/winavr/bin/../lib/gcc/avr/4.3.3/avr5\libgcc.a(_divmodsi4.o)
 .text          0x00000092        0x0 c:/users/a7med/eclipse/embedcpp-2022-12/eclipse/winavr/bin/../lib/gcc/avr/4.3.3/avr5\libgcc.a(_exit.o)
 .text          0x00000092        0x0 c:/users/a7med/eclipse/embedcpp-2022-12/eclipse/winavr/bin/../lib/gcc/avr/4.3.3/avr5\libgcc.a(_copy_data.o)
 .text          0x00000092        0x0 c:/users/a7med/eclipse/embedcpp-2022-12/eclipse/winavr/bin/../lib/gcc/avr/4.3.3/avr5\libgcc.a(_clear_bss.o)
 .text          0x00000092       0x58 c:/users/a7med/eclipse/embedcpp-2022-12/eclipse/winavr/bin/../lib/gcc/avr/4.3.3/avr5\libgcc.a(_fixunssfsi.o)
                0x00000092                __fixunssfsi
 .text          0x000000ea      0x354 c:/users/a7med/eclipse/embedcpp-2022-12/eclipse/winavr/bin/../lib/gcc/avr/4.3.3/avr5\libgcc.a(_addsub_sf.o)
                0x00000382                __subsf3
                0x000003e4                __addsf3
 .text          0x0000043e      0x1f4 c:/users/a7med/eclipse/embedcpp-2022-12/eclipse/winavr/bin/../lib/gcc/avr/4.3.3/avr5\libgcc.a(_mul_sf.o)
                0x0000043e                __mulsf3
 .text          0x00000632       0x60 c:/users/a7med/eclipse/embedcpp-2022-12/eclipse/winavr/bin/../lib/gcc/avr/4.3.3/avr5\libgcc.a(_gt_sf.o)
                0x00000632                __gtsf2
 .text          0x00000692       0x60 c:/users/a7med/eclipse/embedcpp-2022-12/eclipse/winavr/bin/../lib/gcc/avr/4.3.3/avr5\libgcc.a(_ge_sf.o)
                0x00000692                __gesf2
 .text          0x000006f2       0x60 c:/users/a7med/eclipse/embedcpp-2022-12/eclipse/winavr/bin/../lib/gcc/avr/4.3.3/avr5\libgcc.a(_lt_sf.o)
                0x000006f2                __ltsf2
 .text          0x00000752       0xa8 c:/users/a7med/eclipse/embedcpp-2022-12/eclipse/winavr/bin/../lib/gcc/avr/4.3.3/avr5\libgcc.a(_sf_to_si.o)
                0x00000752                __fixsfsi
 .text          0x000007fa        0x0 c:/users/a7med/eclipse/embedcpp-2022-12/eclipse/winavr/bin/../lib/gcc/avr/4.3.3/avr5\libgcc.a(_thenan_sf.o)
 .text          0x000007fa        0x0 c:/users/a7med/eclipse/embedcpp-2022-12/eclipse/winavr/bin/../lib/gcc/avr/4.3.3/avr5\libgcc.a(_udivmodsi4.o)
 .text          0x000007fa        0x0 c:/users/a7med/eclipse/embedcpp-2022-12/eclipse/winavr/bin/../lib/gcc/avr/4.3.3/avr5\libgcc.a(_prologue.o)
 .text          0x000007fa        0x0 c:/users/a7med/eclipse/embedcpp-2022-12/eclipse/winavr/bin/../lib/gcc/avr/4.3.3/avr5\libgcc.a(_epilogue.o)
 .text          0x000007fa      0x1aa c:/users/a7med/eclipse/embedcpp-2022-12/eclipse/winavr/bin/../lib/gcc/avr/4.3.3/avr5\libgcc.a(_pack_sf.o)
                0x000007fa                __pack_f
 .text          0x000009a4       0xf0 c:/users/a7med/eclipse/embedcpp-2022-12/eclipse/winavr/bin/../lib/gcc/avr/4.3.3/avr5\libgcc.a(_unpack_sf.o)
                0x000009a4                __unpack_f
 .text          0x00000a94       0xb2 c:/users/a7med/eclipse/embedcpp-2022-12/eclipse/winavr/bin/../lib/gcc/avr/4.3.3/avr5\libgcc.a(_fpcmp_parts_sf.o)
                0x00000a94                __fpcmp_parts_f
                0x00000b46                . = ALIGN (0x2)
 *(.text.*)
 .text.UART_vInit
                0x00000b46       0x3a ./MCAL/UART/UART.o
                0x00000b46                UART_vInit
 .text.UART_vSendChar
                0x00000b80       0x36 ./MCAL/UART/UART.o
                0x00000b80                UART_vSendChar
 .text.UART_u8RecieveChar
                0x00000bb6       0x1e ./MCAL/UART/UART.o
                0x00000bb6                UART_u8RecieveChar
 .text.UART_RXCompleteCallBack
                0x00000bd4       0x2c ./MCAL/UART/UART.o
                0x00000bd4                UART_RXCompleteCallBack
 .text.UART_TXCompleteCallBack
                0x00000c00       0x2c ./MCAL/UART/UART.o
                0x00000c00                UART_TXCompleteCallBack
 .text.UAART_DataRegisterEmptyCallBack
                0x00000c2c       0x2c ./MCAL/UART/UART.o
                0x00000c2c                UAART_DataRegisterEmptyCallBack
 .text.__vector_13
                0x00000c58       0x66 ./MCAL/UART/UART.o
                0x00000c58                __vector_13
 .text.__vector_14
                0x00000cbe       0x66 ./MCAL/UART/UART.o
                0x00000cbe                __vector_14
 .text.__vector_15
                0x00000d24       0x66 ./MCAL/UART/UART.o
                0x00000d24                __vector_15
 .text.Timer1_vInit
                0x00000d8a       0x3a ./MCAL/Timer1/Timer1.o
                0x00000d8a                Timer1_vInit
 .text.Timer1_vIputCaptureUnit
                0x00000dc4      0x11a ./MCAL/Timer1/Timer1.o
                0x00000dc4                Timer1_vIputCaptureUnit
 .text.Timer1_vOverflowCounter
                0x00000ede       0x18 ./MCAL/Timer1/Timer1.o
                0x00000ede                Timer1_vOverflowCounter
 .text.Timer1_vInputCaptureCal
                0x00000ef6       0xb0 ./MCAL/Timer1/Timer1.o
                0x00000ef6                Timer1_vInputCaptureCal
 .text.Timer1_vIputCaptureInterruptEnable
                0x00000fa6       0x1c ./MCAL/Timer1/Timer1.o
                0x00000fa6                Timer1_vIputCaptureInterruptEnable
 .text.Timer1_vCompareChannelAInterruptEnable
                0x00000fc2       0x1c ./MCAL/Timer1/Timer1.o
                0x00000fc2                Timer1_vCompareChannelAInterruptEnable
 .text.Timer1_vCompareChannelBInterruptEnable
                0x00000fde       0x1c ./MCAL/Timer1/Timer1.o
                0x00000fde                Timer1_vCompareChannelBInterruptEnable
 .text.Timer1_vOverflowInterruptEnable
                0x00000ffa       0x1c ./MCAL/Timer1/Timer1.o
                0x00000ffa                Timer1_vOverflowInterruptEnable
 .text.Timer1_vReadCompareChannelAFlag
                0x00001016       0x1a ./MCAL/Timer1/Timer1.o
                0x00001016                Timer1_vReadCompareChannelAFlag
 .text.Timer1_vReadCompareChannelBFlag
                0x00001030       0x1c ./MCAL/Timer1/Timer1.o
                0x00001030                Timer1_vReadCompareChannelBFlag
 .text.Timer1_vReadOverflowFlag
                0x0000104c       0x1a ./MCAL/Timer1/Timer1.o
                0x0000104c                Timer1_vReadOverflowFlag
 .text.Timer1_vReadTCNT1
                0x00001066       0x40 ./MCAL/Timer1/Timer1.o
                0x00001066                Timer1_vReadTCNT1
 .text.Timer1_vReadInputCaptureRegister
                0x000010a6       0x40 ./MCAL/Timer1/Timer1.o
                0x000010a6                Timer1_vReadInputCaptureRegister
 .text.Timer1_vPreLoadResgister
                0x000010e6       0x2e ./MCAL/Timer1/Timer1.o
                0x000010e6                Timer1_vPreLoadResgister
 .text.Timer1_vChannelACopmareRegister
                0x00001114       0x2e ./MCAL/Timer1/Timer1.o
                0x00001114                Timer1_vChannelACopmareRegister
 .text.Timer1_vChannelBCopmareRegister
                0x00001142       0x2e ./MCAL/Timer1/Timer1.o
                0x00001142                Timer1_vChannelBCopmareRegister
 .text.Timer1_vOverflowCallBack
                0x00001170       0x2c ./MCAL/Timer1/Timer1.o
                0x00001170                Timer1_vOverflowCallBack
 .text.Timer1_vChannelACompareCallBack
                0x0000119c       0x2c ./MCAL/Timer1/Timer1.o
                0x0000119c                Timer1_vChannelACompareCallBack
 .text.Timer1_vChannelBCompareCallBack
                0x000011c8       0x2c ./MCAL/Timer1/Timer1.o
                0x000011c8                Timer1_vChannelBCompareCallBack
 .text.Timer1_vIputCaptureCallBack
                0x000011f4       0x2c ./MCAL/Timer1/Timer1.o
                0x000011f4                Timer1_vIputCaptureCallBack
 .text.__vector_7
                0x00001220       0x66 ./MCAL/Timer1/Timer1.o
                0x00001220                __vector_7
 .text.__vector_8
                0x00001286       0x66 ./MCAL/Timer1/Timer1.o
                0x00001286                __vector_8
 .text.__vector_9
                0x000012ec       0x66 ./MCAL/Timer1/Timer1.o
                0x000012ec                __vector_9
 .text.__vector_6
                0x00001352       0x66 ./MCAL/Timer1/Timer1.o
                0x00001352                __vector_6
 .text.Timer0_vInit
                0x000013b8       0x16 ./MCAL/Timer0/Timer0.o
                0x000013b8                Timer0_vInit
 .text.Timer0_vEnableCompareInterrupt
                0x000013ce       0x1c ./MCAL/Timer0/Timer0.o
                0x000013ce                Timer0_vEnableCompareInterrupt
 .text.Timer0_vEnableOverflowInterrupt
                0x000013ea       0x1c ./MCAL/Timer0/Timer0.o
                0x000013ea                Timer0_vEnableOverflowInterrupt
 .text.Timer0_u8ReadCompareFlag
                0x00001406       0x18 ./MCAL/Timer0/Timer0.o
                0x00001406                Timer0_u8ReadCompareFlag
 .text.Timer0_u8ReadOverflowFlag
                0x0000141e       0x16 ./MCAL/Timer0/Timer0.o
                0x0000141e                Timer0_u8ReadOverflowFlag
 .text.Timer0_vCounterRegister
                0x00001434       0x1c ./MCAL/Timer0/Timer0.o
                0x00001434                Timer0_vCounterRegister
 .text.Timer0_vCompareRegister
                0x00001450       0x1c ./MCAL/Timer0/Timer0.o
                0x00001450                Timer0_vCompareRegister
 .text.Timer0_vCompareCallBack
                0x0000146c       0x2c ./MCAL/Timer0/Timer0.o
                0x0000146c                Timer0_vCompareCallBack
 .text.Timer0_vOverflowCallBack
                0x00001498       0x2c ./MCAL/Timer0/Timer0.o
                0x00001498                Timer0_vOverflowCallBack
 .text.__vector_10
                0x000014c4       0x66 ./MCAL/Timer0/Timer0.o
                0x000014c4                __vector_10
 .text.__vector_11
                0x0000152a       0x66 ./MCAL/Timer0/Timer0.o
                0x0000152a                __vector_11
 .text.SPI_vInit
                0x00001590       0x6a ./MCAL/SPI/SPI.o
                0x00001590                SPI_vInit
 .text.SPI_vMasterWrite
                0x000015fa       0x26 ./MCAL/SPI/SPI.o
                0x000015fa                SPI_vMasterWrite
 .text.SPI_vMasterReadWrite
                0x00001620       0x3c ./MCAL/SPI/SPI.o
                0x00001620                SPI_vMasterReadWrite
 .text.SPI_vSlaveRead
                0x0000165c       0x2e ./MCAL/SPI/SPI.o
                0x0000165c                SPI_vSlaveRead
 .text.SPI_vTransferCompleteInterruptEnable
                0x0000168a       0x2c ./MCAL/SPI/SPI.o
                0x0000168a                SPI_vTransferCompleteInterruptEnable
 .text.__vector_12
                0x000016b6       0x66 ./MCAL/SPI/SPI.o
                0x000016b6                __vector_12
 .text.I2C_vInit
                0x0000171c       0x32 ./MCAL/I2C/I2C.o
                0x0000171c                I2C_vInit
 .text.I2C_vSendStart
                0x0000174e       0x42 ./MCAL/I2C/I2C.o
                0x0000174e                I2C_vSendStart
 .text.I2C_vRepeatedSendStart
                0x00001790       0x42 ./MCAL/I2C/I2C.o
                0x00001790                I2C_vRepeatedSendStart
 .text.I2C_vSendStop
                0x000017d2       0x42 ./MCAL/I2C/I2C.o
                0x000017d2                I2C_vSendStop
 .text.I2C_vSendSlaveAdress
                0x00001814       0x42 ./MCAL/I2C/I2C.o
                0x00001814                I2C_vSendSlaveAdress
 .text.I2C_SendData
                0x00001856       0x42 ./MCAL/I2C/I2C.o
                0x00001856                I2C_SendData
 .text.I2C_vReadData
                0x00001898       0x4a ./MCAL/I2C/I2C.o
                0x00001898                I2C_vReadData
 .text.I2C_vJobFinishedInterruptEnable
                0x000018e2       0x2c ./MCAL/I2C/I2C.o
                0x000018e2                I2C_vJobFinishedInterruptEnable
 .text.__vector_19
                0x0000190e       0x66 ./MCAL/I2C/I2C.o
                0x0000190e                __vector_19
 .text.EXTI_vEnableGIE
                0x00001974       0x1c ./MCAL/EXTI/EXTI.o
                0x00001974                EXTI_vEnableGIE
 .text.EXTI_vEnablePIE
                0x00001990       0x5a ./MCAL/EXTI/EXTI.o
                0x00001990                EXTI_vEnablePIE
 .text.EXIT_vReadPIF
                0x000019ea       0x70 ./MCAL/EXTI/EXTI.o
                0x000019ea                EXIT_vReadPIF
 .text.EXTI_vSenseControl
                0x00001a5a      0x19e ./MCAL/EXTI/EXTI.o
                0x00001a5a                EXTI_vSenseControl
 .text.EXTI_INT0CallBack
                0x00001bf8       0x2c ./MCAL/EXTI/EXTI.o
                0x00001bf8                EXTI_INT0CallBack
 .text.EXTI_INT1CallBack
                0x00001c24       0x2c ./MCAL/EXTI/EXTI.o
                0x00001c24                EXTI_INT1CallBack
 .text.EXTI_INT2CallBack
                0x00001c50       0x2c ./MCAL/EXTI/EXTI.o
                0x00001c50                EXTI_INT2CallBack
 .text.__vector_1
                0x00001c7c       0x66 ./MCAL/EXTI/EXTI.o
                0x00001c7c                __vector_1
 .text.__vector_2
                0x00001ce2       0x66 ./MCAL/EXTI/EXTI.o
                0x00001ce2                __vector_2
 .text.INT2_vect
                0x00001d48       0x66 ./MCAL/EXTI/EXTI.o
                0x00001d48                INT2_vect
 .text.DIO_vSetPortDirection
                0x00001dae       0x5c ./MCAL/DIO/DIO.o
                0x00001dae                DIO_vSetPortDirection
 .text.DIO_vSetPortValue
                0x00001e0a       0x5c ./MCAL/DIO/DIO.o
                0x00001e0a                DIO_vSetPortValue
 .text.DIO_u8PGetPortValue
                0x00001e66       0x62 ./MCAL/DIO/DIO.o
                0x00001e66                DIO_u8PGetPortValue
 .text.DIO_vTogPortValue
                0x00001ec8       0x70 ./MCAL/DIO/DIO.o
                0x00001ec8                DIO_vTogPortValue
 .text.DIO_vSetPinDirection
                0x00001f38      0x206 ./MCAL/DIO/DIO.o
                0x00001f38                DIO_vSetPinDirection
 .text.DIO_vSetPinValue
                0x0000213e      0x1b6 ./MCAL/DIO/DIO.o
                0x0000213e                DIO_vSetPinValue
 .text.DIO_u8PGetPinValue
                0x000022f4       0xda ./MCAL/DIO/DIO.o
                0x000022f4                DIO_u8PGetPinValue
 .text.DIO_vTogPinValue
                0x000023ce       0xd6 ./MCAL/DIO/DIO.o
                0x000023ce                DIO_vTogPinValue
 .text.ADC_vInit
                0x000024a4       0x3e ./MCAL/ADC/ADC.o
                0x000024a4                ADC_vInit
 .text.ADC_vGetVal
                0x000024e2      0x18e ./MCAL/ADC/ADC.o
                0x000024e2                ADC_vGetVal
 .text.ADC_vADCCallBack
                0x00002670       0x2c ./MCAL/ADC/ADC.o
                0x00002670                ADC_vADCCallBack
 .text.__vector_16
                0x0000269c       0x66 ./MCAL/ADC/ADC.o
                0x0000269c                __vector_16
 .text.LedAndBuzzer_vLed0Open
                0x00002702       0x22 ./HAL/ledAndBuzzer/LedAndBuzzer.o
                0x00002702                LedAndBuzzer_vLed0Open
 .text.LedAndBuzzer_vLed0Close
                0x00002724       0x18 ./HAL/ledAndBuzzer/LedAndBuzzer.o
                0x00002724                LedAndBuzzer_vLed0Close
 .text.LedAndBuzzer_vLed1Open
                0x0000273c       0x22 ./HAL/ledAndBuzzer/LedAndBuzzer.o
                0x0000273c                LedAndBuzzer_vLed1Open
 .text.LedAndBuzzer_vLed1Close
                0x0000275e       0x18 ./HAL/ledAndBuzzer/LedAndBuzzer.o
                0x0000275e                LedAndBuzzer_vLed1Close
 .text.LedAndBuzzer_vLed2Open
                0x00002776       0x22 ./HAL/ledAndBuzzer/LedAndBuzzer.o
                0x00002776                LedAndBuzzer_vLed2Open
 .text.LedAndBuzzer_vLed2Close
                0x00002798       0x18 ./HAL/ledAndBuzzer/LedAndBuzzer.o
                0x00002798                LedAndBuzzer_vLed2Close
 .text.LedAndBuzzer_vBuzzerOpen
                0x000027b0       0x22 ./HAL/ledAndBuzzer/LedAndBuzzer.o
                0x000027b0                LedAndBuzzer_vBuzzerOpen
 .text.LedAndBuzzer_vBuzzerClose
                0x000027d2       0x18 ./HAL/ledAndBuzzer/LedAndBuzzer.o
                0x000027d2                LedAndBuzzer_vBuzzerClose
 .text.LedAndBuzzer_vFlash
                0x000027ea      0x224 ./HAL/ledAndBuzzer/LedAndBuzzer.o
                0x000027ea                LedAndBuzzer_vFlash
 .text._7Segma_vInit
                0x00002a0e       0x4a ./HAL/_7Segma/_7Segma.o
                0x00002a0e                _7Segma_vInit
 .text._7Segma_vEnable1
                0x00002a58       0x18 ./HAL/_7Segma/_7Segma.o
                0x00002a58                _7Segma_vEnable1
 .text._7Segma_vEnable2
                0x00002a70       0x18 ./HAL/_7Segma/_7Segma.o
                0x00002a70                _7Segma_vEnable2
 .text._7Segma_vDisable1
                0x00002a88       0x18 ./HAL/_7Segma/_7Segma.o
                0x00002a88                _7Segma_vDisable1
 .text._7Segma_vDisable2
                0x00002aa0       0x18 ./HAL/_7Segma/_7Segma.o
                0x00002aa0                _7Segma_vDisable2
 .text._7Segma_vEnableDot
                0x00002ab8       0x18 ./HAL/_7Segma/_7Segma.o
                0x00002ab8                _7Segma_vEnableDot
 .text._7Segma_vDisbleDot
                0x00002ad0       0x18 ./HAL/_7Segma/_7Segma.o
                0x00002ad0                _7Segma_vDisbleDot
 .text._7Segma_vShow
                0x00002ae8       0x24 ./HAL/_7Segma/_7Segma.o
                0x00002ae8                _7Segma_vShow
 .text._7Segma_vPrintNumber1
                0x00002b0c       0x22 ./HAL/_7Segma/_7Segma.o
                0x00002b0c                _7Segma_vPrintNumber1
 .text._7Segma_vPrintNumber2
                0x00002b2e       0x22 ./HAL/_7Segma/_7Segma.o
                0x00002b2e                _7Segma_vPrintNumber2
 .text.PushButton_u8Button0
                0x00002b50      0x138 ./HAL/PushButtons/PushButtons.o
                0x00002b50                PushButton_u8Button0
 .text.PushButton_u8Button1
                0x00002c88      0x138 ./HAL/PushButtons/PushButtons.o
                0x00002c88                PushButton_u8Button1
 .text.PushButton_u8Button2
                0x00002dc0      0x138 ./HAL/PushButtons/PushButtons.o
                0x00002dc0                PushButton_u8Button2
 .text.PushButton_u8Button1LonPress
                0x00002ef8      0x12a ./HAL/PushButtons/PushButtons.o
                0x00002ef8                PushButton_u8Button1LonPress
 .text.PushButton_u8Button2OneSec
                0x00003022      0x12e ./HAL/PushButtons/PushButtons.o
                0x00003022                PushButton_u8Button2OneSec
 .text.LCD_vSendCommand
                0x00003150      0x254 ./HAL/LCD/LCD.o
                0x00003150                LCD_vSendCommand
 .text.LCD_vInit
                0x000033a4      0x52a ./HAL/LCD/LCD.o
                0x000033a4                LCD_vInit
 .text.LCD_vInitWithOutClear
                0x000038ce      0x40e ./HAL/LCD/LCD.o
                0x000038ce                LCD_vInitWithOutClear
 .text.LCD_vWriteCharacter
                0x00003cdc      0x254 ./HAL/LCD/LCD.o
                0x00003cdc                LCD_vWriteCharacter
 .text.LCD_vGoTo
                0x00003f30       0x22 ./HAL/LCD/LCD.o
                0x00003f30                LCD_vGoTo
 .text.LCD_vClear
                0x00003f52      0x110 ./HAL/LCD/LCD.o
                0x00003f52                LCD_vClear
 .text.LCD_vWriteString
                0x00004062       0x52 ./HAL/LCD/LCD.o
                0x00004062                LCD_vWriteString
 .text.LCD_vCustomCharacter
                0x000040b4       0x5e ./HAL/LCD/LCD.o
                0x000040b4                LCD_vCustomCharacter
 .text.LCD_vCLearOneChar
                0x00004112       0x52 ./HAL/LCD/LCD.o
                0x00004112                LCD_vCLearOneChar
 .text.KAYPAD_vInit
                0x00004164       0x1e ./HAL/KEYPAD/KEYPAD.o
                0x00004164                KAYPAD_vInit
 .text.KAYPAD_u8GetKey
                0x00004182      0x1ae ./HAL/KEYPAD/KEYPAD.o
                0x00004182                KAYPAD_u8GetKey
 .text.H_Bridge_vInit
                0x00004330       0x62 ./HAL/H_Bridge/H_Bridge.o
                0x00004330                H_Bridge_vInit
 .text.H_Bridge_vRunM1AndStopM2
                0x00004392       0x38 ./HAL/H_Bridge/H_Bridge.o
                0x00004392                H_Bridge_vRunM1AndStopM2
 .text.H_Bridge_vRunM2AndStopM1
                0x000043ca       0x38 ./HAL/H_Bridge/H_Bridge.o
                0x000043ca                H_Bridge_vRunM2AndStopM1
 .text.H_Bridge_vM1AndM2FreeRuningStop
                0x00004402       0x1c ./HAL/H_Bridge/H_Bridge.o
                0x00004402                H_Bridge_vM1AndM2FreeRuningStop
 .text.H_Bridge_vM1AndM2TurnRight
                0x0000441e       0x38 ./HAL/H_Bridge/H_Bridge.o
                0x0000441e                H_Bridge_vM1AndM2TurnRight
 .text.H_Bridge_vM1AndM2TurnLeft
                0x00004456       0x38 ./HAL/H_Bridge/H_Bridge.o
                0x00004456                H_Bridge_vM1AndM2TurnLeft
 .text.H_Bridge_vM1AndM2FastStop
                0x0000448e       0x1c ./HAL/H_Bridge/H_Bridge.o
                0x0000448e                H_Bridge_vM1AndM2FastStop
 .text.APP_vPrintNumberSS
                0x000044aa      0x21e ./APP/APP.o
                0x000044aa                APP_vPrintNumberSS
 .text.APP_vPrintTwoDigitNumberSS
                0x000046c8       0x36 ./APP/APP.o
                0x000046c8                APP_vPrintTwoDigitNumberSS
 .text.APP_vPrintDecimalNumberSS
                0x000046fe       0x8c ./APP/APP.o
                0x000046fe                APP_vPrintDecimalNumberSS
 .text.APP_vPrint0to99SS
                0x0000478a       0x3c ./APP/APP.o
                0x0000478a                APP_vPrint0to99SS
 .text.APP_vPrint1MinuteSS
                0x000047c6       0x3a ./APP/APP.o
                0x000047c6                APP_vPrint1MinuteSS
 .text.APP_vClickCounterPB
                0x00004800       0x60 ./APP/APP.o
                0x00004800                APP_vClickCounterPB
 .text.APP_v3Leds1MinuteEachSS
                0x00004860      0x212 ./APP/APP.o
                0x00004860                APP_v3Leds1MinuteEachSS
 .text.APP_vTaskFinsh
                0x00004a72       0x14 ./APP/APP.o
                0x00004a72                APP_vTaskFinsh
 .text.APP_vWriteStringManyTimesLCD
                0x00004a86      0x2bc ./APP/APP.o
                0x00004a86                APP_vWriteStringManyTimesLCD
 .text.APP_vToString
                0x00004d42       0xcc ./APP/APP.o
                0x00004d42                APP_vToString
 .text.APP_vCalculatorLCD
                0x00004e0e      0xb1e ./APP/APP.o
                0x00004e0e                APP_vCalculatorLCD
 .text.APP_vLocker
                0x0000592c      0xae4 ./APP/APP.o
                0x0000592c                APP_vLocker
 .text.APP_u8compareArray
                0x00006410       0x74 ./APP/APP.o
                0x00006410                APP_u8compareArray
 .text.APP_vVolumeLCD
                0x00006484      0x20a ./APP/APP.o
                0x00006484                APP_vVolumeLCD
 .text.APP_vVolumeVerticalLCD
                0x0000668e      0x250 ./APP/APP.o
                0x0000668e                APP_vVolumeVerticalLCD
 .text.main     0x000068de       0xce ./APP/main.o
                0x000068de                main
 .text.libgcc   0x000069ac       0x3e c:/users/a7med/eclipse/embedcpp-2022-12/eclipse/winavr/bin/../lib/gcc/avr/4.3.3/avr5\libgcc.a(_mulsi3.o)
                0x000069ac                __mulsi3
 .text.libgcc   0x000069ea       0x18 c:/users/a7med/eclipse/embedcpp-2022-12/eclipse/winavr/bin/../lib/gcc/avr/4.3.3/avr5\libgcc.a(_udivmodqi4.o)
                0x000069ea                __udivmodqi4
 .text.libgcc   0x00006a02       0x28 c:/users/a7med/eclipse/embedcpp-2022-12/eclipse/winavr/bin/../lib/gcc/avr/4.3.3/avr5\libgcc.a(_udivmodhi4.o)
                0x00006a02                __udivmodhi4
 .text.libgcc   0x00006a2a       0x26 c:/users/a7med/eclipse/embedcpp-2022-12/eclipse/winavr/bin/../lib/gcc/avr/4.3.3/avr5\libgcc.a(_divmodhi4.o)
                0x00006a2a                __divmodhi4
                0x00006a2a                _div
 .text.libgcc   0x00006a50       0x36 c:/users/a7med/eclipse/embedcpp-2022-12/eclipse/winavr/bin/../lib/gcc/avr/4.3.3/avr5\libgcc.a(_divmodsi4.o)
                0x00006a50                __divmodsi4
 .text.libgcc   0x00006a86        0x0 c:/users/a7med/eclipse/embedcpp-2022-12/eclipse/winavr/bin/../lib/gcc/avr/4.3.3/avr5\libgcc.a(_exit.o)
 .text.libgcc   0x00006a86        0x0 c:/users/a7med/eclipse/embedcpp-2022-12/eclipse/winavr/bin/../lib/gcc/avr/4.3.3/avr5\libgcc.a(_copy_data.o)
 .text.libgcc   0x00006a86        0x0 c:/users/a7med/eclipse/embedcpp-2022-12/eclipse/winavr/bin/../lib/gcc/avr/4.3.3/avr5\libgcc.a(_clear_bss.o)
 .text.libgcc   0x00006a86       0x44 c:/users/a7med/eclipse/embedcpp-2022-12/eclipse/winavr/bin/../lib/gcc/avr/4.3.3/avr5\libgcc.a(_udivmodsi4.o)
                0x00006a86                __udivmodsi4
 .text.libgcc   0x00006aca       0x38 c:/users/a7med/eclipse/embedcpp-2022-12/eclipse/winavr/bin/../lib/gcc/avr/4.3.3/avr5\libgcc.a(_prologue.o)
                0x00006aca                __prologue_saves__
 .text.libgcc   0x00006b02       0x36 c:/users/a7med/eclipse/embedcpp-2022-12/eclipse/winavr/bin/../lib/gcc/avr/4.3.3/avr5\libgcc.a(_epilogue.o)
                0x00006b02                __epilogue_restores__
                0x00006b38                . = ALIGN (0x2)
 *(.fini9)
 .fini9         0x00006b38        0x0 c:/users/a7med/eclipse/embedcpp-2022-12/eclipse/winavr/bin/../lib/gcc/avr/4.3.3/avr5\libgcc.a(_exit.o)
                0x00006b38                exit
                0x00006b38                _exit
 *(.fini9)
 *(.fini8)
 *(.fini8)
 *(.fini7)
 *(.fini7)
 *(.fini6)
 *(.fini6)
 *(.fini5)
 *(.fini5)
 *(.fini4)
 *(.fini4)
 *(.fini3)
 *(.fini3)
 *(.fini2)
 *(.fini2)
 *(.fini1)
 *(.fini1)
 *(.fini0)
 .fini0         0x00006b38        0x4 c:/users/a7med/eclipse/embedcpp-2022-12/eclipse/winavr/bin/../lib/gcc/avr/4.3.3/avr5\libgcc.a(_exit.o)
 *(.fini0)
                0x00006b3c                _etext = .

.data           0x00800060       0x66 load address 0x00006b3c
                0x00800060                PROVIDE (__data_start, .)
 *(.data)
 .data          0x00800060        0x0 c:/users/a7med/eclipse/embedcpp-2022-12/eclipse/winavr/bin/../lib/gcc/avr/4.3.3/../../../../avr/lib/avr5/crtm32.o
 .data          0x00800060        0x0 ./MCAL/UART/UART.o
 .data          0x00800060        0x0 ./MCAL/Timer1/Timer1.o
 .data          0x00800060        0x0 ./MCAL/Timer0/Timer0.o
 .data          0x00800060        0x0 ./MCAL/SPI/SPI.o
 .data          0x00800060        0x0 ./MCAL/I2C/I2C.o
 .data          0x00800060        0x0 ./MCAL/EXTI/EXTI.o
 .data          0x00800060        0x0 ./MCAL/DIO/DIO.o
 .data          0x00800060        0x0 ./MCAL/ADC/ADC.o
 .data          0x00800060        0x0 ./HAL/ledAndBuzzer/LedAndBuzzer.o
 .data          0x00800060        0x0 ./HAL/_7Segma/_7Segma.o
 .data          0x00800060        0x0 ./HAL/PushButtons/PushButtons.o
 .data          0x00800060        0x0 ./HAL/LCD/LCD.o
 .data          0x00800060        0x0 ./HAL/KEYPAD/Config_KEYPAD.o
 .data          0x00800060        0x0 ./HAL/KEYPAD/KEYPAD.o
 .data          0x00800060        0x0 ./HAL/H_Bridge/H_Bridge.o
 .data          0x00800060       0x45 ./APP/APP.o
 .data          0x008000a5        0x0 ./APP/main.o
 .data          0x008000a5        0x0 c:/users/a7med/eclipse/embedcpp-2022-12/eclipse/winavr/bin/../lib/gcc/avr/4.3.3/avr5\libgcc.a(_mulsi3.o)
 .data          0x008000a5        0x0 c:/users/a7med/eclipse/embedcpp-2022-12/eclipse/winavr/bin/../lib/gcc/avr/4.3.3/avr5\libgcc.a(_udivmodqi4.o)
 .data          0x008000a5        0x0 c:/users/a7med/eclipse/embedcpp-2022-12/eclipse/winavr/bin/../lib/gcc/avr/4.3.3/avr5\libgcc.a(_udivmodhi4.o)
 .data          0x008000a5        0x0 c:/users/a7med/eclipse/embedcpp-2022-12/eclipse/winavr/bin/../lib/gcc/avr/4.3.3/avr5\libgcc.a(_divmodhi4.o)
 .data          0x008000a5        0x0 c:/users/a7med/eclipse/embedcpp-2022-12/eclipse/winavr/bin/../lib/gcc/avr/4.3.3/avr5\libgcc.a(_divmodsi4.o)
 .data          0x008000a5        0x0 c:/users/a7med/eclipse/embedcpp-2022-12/eclipse/winavr/bin/../lib/gcc/avr/4.3.3/avr5\libgcc.a(_exit.o)
 .data          0x008000a5        0x0 c:/users/a7med/eclipse/embedcpp-2022-12/eclipse/winavr/bin/../lib/gcc/avr/4.3.3/avr5\libgcc.a(_copy_data.o)
 .data          0x008000a5        0x0 c:/users/a7med/eclipse/embedcpp-2022-12/eclipse/winavr/bin/../lib/gcc/avr/4.3.3/avr5\libgcc.a(_clear_bss.o)
 .data          0x008000a5        0x0 c:/users/a7med/eclipse/embedcpp-2022-12/eclipse/winavr/bin/../lib/gcc/avr/4.3.3/avr5\libgcc.a(_fixunssfsi.o)
 .data          0x008000a5        0x0 c:/users/a7med/eclipse/embedcpp-2022-12/eclipse/winavr/bin/../lib/gcc/avr/4.3.3/avr5\libgcc.a(_addsub_sf.o)
 .data          0x008000a5        0x0 c:/users/a7med/eclipse/embedcpp-2022-12/eclipse/winavr/bin/../lib/gcc/avr/4.3.3/avr5\libgcc.a(_mul_sf.o)
 .data          0x008000a5        0x0 c:/users/a7med/eclipse/embedcpp-2022-12/eclipse/winavr/bin/../lib/gcc/avr/4.3.3/avr5\libgcc.a(_gt_sf.o)
 .data          0x008000a5        0x0 c:/users/a7med/eclipse/embedcpp-2022-12/eclipse/winavr/bin/../lib/gcc/avr/4.3.3/avr5\libgcc.a(_ge_sf.o)
 .data          0x008000a5        0x0 c:/users/a7med/eclipse/embedcpp-2022-12/eclipse/winavr/bin/../lib/gcc/avr/4.3.3/avr5\libgcc.a(_lt_sf.o)
 .data          0x008000a5        0x0 c:/users/a7med/eclipse/embedcpp-2022-12/eclipse/winavr/bin/../lib/gcc/avr/4.3.3/avr5\libgcc.a(_sf_to_si.o)
 .data          0x008000a5        0x8 c:/users/a7med/eclipse/embedcpp-2022-12/eclipse/winavr/bin/../lib/gcc/avr/4.3.3/avr5\libgcc.a(_thenan_sf.o)
                0x008000a5                __thenan_sf
 .data          0x008000ad        0x0 c:/users/a7med/eclipse/embedcpp-2022-12/eclipse/winavr/bin/../lib/gcc/avr/4.3.3/avr5\libgcc.a(_udivmodsi4.o)
 .data          0x008000ad        0x0 c:/users/a7med/eclipse/embedcpp-2022-12/eclipse/winavr/bin/../lib/gcc/avr/4.3.3/avr5\libgcc.a(_prologue.o)
 .data          0x008000ad        0x0 c:/users/a7med/eclipse/embedcpp-2022-12/eclipse/winavr/bin/../lib/gcc/avr/4.3.3/avr5\libgcc.a(_epilogue.o)
 .data          0x008000ad        0x0 c:/users/a7med/eclipse/embedcpp-2022-12/eclipse/winavr/bin/../lib/gcc/avr/4.3.3/avr5\libgcc.a(_pack_sf.o)
 .data          0x008000ad        0x0 c:/users/a7med/eclipse/embedcpp-2022-12/eclipse/winavr/bin/../lib/gcc/avr/4.3.3/avr5\libgcc.a(_unpack_sf.o)
 .data          0x008000ad        0x0 c:/users/a7med/eclipse/embedcpp-2022-12/eclipse/winavr/bin/../lib/gcc/avr/4.3.3/avr5\libgcc.a(_fpcmp_parts_sf.o)
 *(.data*)
 .data.arr      0x008000ad       0x10 ./HAL/KEYPAD/Config_KEYPAD.o
                0x008000ad                arr
 *(.rodata)
 *(.rodata*)
 .rodata.C.4.1796
                0x008000bd        0x8 ./APP/APP.o
 *(.gnu.linkonce.d*)
                0x008000c6                . = ALIGN (0x2)
 *fill*         0x008000c5        0x1 00
                0x008000c6                _edata = .
                0x008000c6                PROVIDE (__data_end, .)

.bss            0x008000c6       0x26
                0x008000c6                PROVIDE (__bss_start, .)
 *(.bss)
 .bss           0x008000c6        0x0 c:/users/a7med/eclipse/embedcpp-2022-12/eclipse/winavr/bin/../lib/gcc/avr/4.3.3/../../../../avr/lib/avr5/crtm32.o
 .bss           0x008000c6        0x0 ./MCAL/UART/UART.o
 .bss           0x008000c6        0x0 ./MCAL/Timer1/Timer1.o
 .bss           0x008000c6        0x0 ./MCAL/Timer0/Timer0.o
 .bss           0x008000c6        0x0 ./MCAL/SPI/SPI.o
 .bss           0x008000c6        0x0 ./MCAL/I2C/I2C.o
 .bss           0x008000c6        0x0 ./MCAL/EXTI/EXTI.o
 .bss           0x008000c6        0x0 ./MCAL/DIO/DIO.o
 .bss           0x008000c6        0x0 ./MCAL/ADC/ADC.o
 .bss           0x008000c6        0x0 ./HAL/ledAndBuzzer/LedAndBuzzer.o
 .bss           0x008000c6        0x0 ./HAL/_7Segma/_7Segma.o
 .bss           0x008000c6        0x0 ./HAL/PushButtons/PushButtons.o
 .bss           0x008000c6        0x0 ./HAL/LCD/LCD.o
 .bss           0x008000c6        0x0 ./HAL/KEYPAD/Config_KEYPAD.o
 .bss           0x008000c6        0x0 ./HAL/KEYPAD/KEYPAD.o
 .bss           0x008000c6        0x0 ./HAL/H_Bridge/H_Bridge.o
 .bss           0x008000c6        0x0 ./APP/APP.o
 .bss           0x008000c6        0x0 ./APP/main.o
 .bss           0x008000c6        0x0 c:/users/a7med/eclipse/embedcpp-2022-12/eclipse/winavr/bin/../lib/gcc/avr/4.3.3/avr5\libgcc.a(_mulsi3.o)
 .bss           0x008000c6        0x0 c:/users/a7med/eclipse/embedcpp-2022-12/eclipse/winavr/bin/../lib/gcc/avr/4.3.3/avr5\libgcc.a(_udivmodqi4.o)
 .bss           0x008000c6        0x0 c:/users/a7med/eclipse/embedcpp-2022-12/eclipse/winavr/bin/../lib/gcc/avr/4.3.3/avr5\libgcc.a(_udivmodhi4.o)
 .bss           0x008000c6        0x0 c:/users/a7med/eclipse/embedcpp-2022-12/eclipse/winavr/bin/../lib/gcc/avr/4.3.3/avr5\libgcc.a(_divmodhi4.o)
 .bss           0x008000c6        0x0 c:/users/a7med/eclipse/embedcpp-2022-12/eclipse/winavr/bin/../lib/gcc/avr/4.3.3/avr5\libgcc.a(_divmodsi4.o)
 .bss           0x008000c6        0x0 c:/users/a7med/eclipse/embedcpp-2022-12/eclipse/winavr/bin/../lib/gcc/avr/4.3.3/avr5\libgcc.a(_exit.o)
 .bss           0x008000c6        0x0 c:/users/a7med/eclipse/embedcpp-2022-12/eclipse/winavr/bin/../lib/gcc/avr/4.3.3/avr5\libgcc.a(_copy_data.o)
 .bss           0x008000c6        0x0 c:/users/a7med/eclipse/embedcpp-2022-12/eclipse/winavr/bin/../lib/gcc/avr/4.3.3/avr5\libgcc.a(_clear_bss.o)
 .bss           0x008000c6        0x0 c:/users/a7med/eclipse/embedcpp-2022-12/eclipse/winavr/bin/../lib/gcc/avr/4.3.3/avr5\libgcc.a(_fixunssfsi.o)
 .bss           0x008000c6        0x0 c:/users/a7med/eclipse/embedcpp-2022-12/eclipse/winavr/bin/../lib/gcc/avr/4.3.3/avr5\libgcc.a(_addsub_sf.o)
 .bss           0x008000c6        0x0 c:/users/a7med/eclipse/embedcpp-2022-12/eclipse/winavr/bin/../lib/gcc/avr/4.3.3/avr5\libgcc.a(_mul_sf.o)
 .bss           0x008000c6        0x0 c:/users/a7med/eclipse/embedcpp-2022-12/eclipse/winavr/bin/../lib/gcc/avr/4.3.3/avr5\libgcc.a(_gt_sf.o)
 .bss           0x008000c6        0x0 c:/users/a7med/eclipse/embedcpp-2022-12/eclipse/winavr/bin/../lib/gcc/avr/4.3.3/avr5\libgcc.a(_ge_sf.o)
 .bss           0x008000c6        0x0 c:/users/a7med/eclipse/embedcpp-2022-12/eclipse/winavr/bin/../lib/gcc/avr/4.3.3/avr5\libgcc.a(_lt_sf.o)
 .bss           0x008000c6        0x0 c:/users/a7med/eclipse/embedcpp-2022-12/eclipse/winavr/bin/../lib/gcc/avr/4.3.3/avr5\libgcc.a(_sf_to_si.o)
 .bss           0x008000c6        0x0 c:/users/a7med/eclipse/embedcpp-2022-12/eclipse/winavr/bin/../lib/gcc/avr/4.3.3/avr5\libgcc.a(_thenan_sf.o)
 .bss           0x008000c6        0x0 c:/users/a7med/eclipse/embedcpp-2022-12/eclipse/winavr/bin/../lib/gcc/avr/4.3.3/avr5\libgcc.a(_udivmodsi4.o)
 .bss           0x008000c6        0x0 c:/users/a7med/eclipse/embedcpp-2022-12/eclipse/winavr/bin/../lib/gcc/avr/4.3.3/avr5\libgcc.a(_prologue.o)
 .bss           0x008000c6        0x0 c:/users/a7med/eclipse/embedcpp-2022-12/eclipse/winavr/bin/../lib/gcc/avr/4.3.3/avr5\libgcc.a(_epilogue.o)
 .bss           0x008000c6        0x0 c:/users/a7med/eclipse/embedcpp-2022-12/eclipse/winavr/bin/../lib/gcc/avr/4.3.3/avr5\libgcc.a(_pack_sf.o)
 .bss           0x008000c6        0x0 c:/users/a7med/eclipse/embedcpp-2022-12/eclipse/winavr/bin/../lib/gcc/avr/4.3.3/avr5\libgcc.a(_unpack_sf.o)
 .bss           0x008000c6        0x0 c:/users/a7med/eclipse/embedcpp-2022-12/eclipse/winavr/bin/../lib/gcc/avr/4.3.3/avr5\libgcc.a(_fpcmp_parts_sf.o)
 *(.bss*)
 .bss.Uptr1     0x008000c6        0x2 ./MCAL/UART/UART.o
                0x008000c6                Uptr1
 .bss.Uptr2     0x008000c8        0x2 ./MCAL/UART/UART.o
                0x008000c8                Uptr2
 .bss.Uptr3     0x008000ca        0x2 ./MCAL/UART/UART.o
                0x008000ca                Uptr3
 .bss.T1Ptr1    0x008000cc        0x2 ./MCAL/Timer1/Timer1.o
                0x008000cc                T1Ptr1
 .bss.T1Ptr2    0x008000ce        0x2 ./MCAL/Timer1/Timer1.o
                0x008000ce                T1Ptr2
 .bss.T1Ptr3    0x008000d0        0x2 ./MCAL/Timer1/Timer1.o
                0x008000d0                T1Ptr3
 .bss.T1Ptr4    0x008000d2        0x2 ./MCAL/Timer1/Timer1.o
                0x008000d2                T1Ptr4
 .bss.T1Flag    0x008000d4        0x1 ./MCAL/Timer1/Timer1.o
                0x008000d4                T1Flag
 .bss.Tptr1     0x008000d5        0x2 ./MCAL/Timer0/Timer0.o
                0x008000d5                Tptr1
 .bss.Tptr2     0x008000d7        0x2 ./MCAL/Timer0/Timer0.o
                0x008000d7                Tptr2
 .bss.Sptr      0x008000d9        0x2 ./MCAL/SPI/SPI.o
                0x008000d9                Sptr
 .bss.Iptr      0x008000db        0x2 ./MCAL/I2C/I2C.o
                0x008000db                Iptr
 .bss.Gptr0     0x008000dd        0x2 ./MCAL/EXTI/EXTI.o
                0x008000dd                Gptr0
 .bss.Gptr1     0x008000df        0x2 ./MCAL/EXTI/EXTI.o
                0x008000df                Gptr1
 .bss.Gptr2     0x008000e1        0x2 ./MCAL/EXTI/EXTI.o
                0x008000e1                Gptr2
 .bss.Aptr      0x008000e3        0x2 ./MCAL/ADC/ADC.o
                0x008000e3                Aptr
 *(COMMON)
 COMMON         0x008000e5        0x7 ./MCAL/Timer1/Timer1.o
                0x008000e5                T1TotalCounts
                0x008000e6                T1TimeOn
                0x008000e8                T1TimeTotal
                0x008000ea                T1OnCounts
                0x008000eb                T1Counter
                0x008000ec                PROVIDE (__bss_end, .)
                0x00006b3c                __data_load_start = LOADADDR (.data)
                0x00006ba2                __data_load_end = (__data_load_start + SIZEOF (.data))

.noinit         0x008000ec        0x0
                0x008000ec                PROVIDE (__noinit_start, .)
 *(.noinit*)
                0x008000ec                PROVIDE (__noinit_end, .)
                0x008000ec                _end = .
                0x008000ec                PROVIDE (__heap_start, .)

.eeprom         0x00810000        0x0
 *(.eeprom*)
                0x00810000                __eeprom_end = .

.fuse
 *(.fuse)
 *(.lfuse)
 *(.hfuse)
 *(.efuse)

.lock
 *(.lock*)

.signature
 *(.signature*)

.stab           0x00000000     0x79ec
 *(.stab)
 .stab          0x00000000      0x420 ./MCAL/UART/UART.o
 .stab          0x00000420      0x8f4 ./MCAL/Timer1/Timer1.o
                                0x900 (size before relaxing)
 .stab          0x00000d14      0x414 ./MCAL/Timer0/Timer0.o
                                0x420 (size before relaxing)
 .stab          0x00001128      0x384 ./MCAL/SPI/SPI.o
                                0x390 (size before relaxing)
 .stab          0x000014ac      0x48c ./MCAL/I2C/I2C.o
                                0x498 (size before relaxing)
 .stab          0x00001938      0x648 ./MCAL/EXTI/EXTI.o
                                0x654 (size before relaxing)
 .stab          0x00001f80      0x984 ./MCAL/DIO/DIO.o
                                0x990 (size before relaxing)
 .stab          0x00002904      0x3cc ./MCAL/ADC/ADC.o
                                0x564 (size before relaxing)
 .stab          0x00002cd0      0x594 ./HAL/ledAndBuzzer/LedAndBuzzer.o
                                0x72c (size before relaxing)
 .stab          0x00003264      0x42c ./HAL/_7Segma/_7Segma.o
                                0x5c4 (size before relaxing)
 .stab          0x00003690      0x75c ./HAL/PushButtons/PushButtons.o
                                0x8e8 (size before relaxing)
 .stab          0x00003dec     0x1020 ./HAL/LCD/LCD.o
                               0x11b8 (size before relaxing)
 .stab          0x00004e0c      0x168 ./HAL/KEYPAD/Config_KEYPAD.o
                                0x174 (size before relaxing)
 .stab          0x00004f74      0x3fc ./HAL/KEYPAD/KEYPAD.o
                                0x594 (size before relaxing)
 .stab          0x00005370      0x39c ./HAL/H_Bridge/H_Bridge.o
                                0x534 (size before relaxing)
 .stab          0x0000570c     0x2034 ./APP/APP.o
                               0x21cc (size before relaxing)
 .stab          0x00007740      0x2ac ./APP/main.o
                                0x4d4 (size before relaxing)

.stabstr        0x00000000     0x2ca6
 *(.stabstr)
 .stabstr       0x00000000     0x2ca6 ./MCAL/UART/UART.o

.stab.excl
 *(.stab.excl)

.stab.exclstr
 *(.stab.exclstr)

.stab.index
 *(.stab.index)

.stab.indexstr
 *(.stab.indexstr)

.comment
 *(.comment)

.debug
 *(.debug)

.line
 *(.line)

.debug_srcinfo
 *(.debug_srcinfo)

.debug_sfnames
 *(.debug_sfnames)

.debug_aranges  0x00000000      0x140
 *(.debug_aranges)
 .debug_aranges
                0x00000000       0x20 c:/users/a7med/eclipse/embedcpp-2022-12/eclipse/winavr/bin/../lib/gcc/avr/4.3.3/avr5\libgcc.a(_fixunssfsi.o)
 .debug_aranges
                0x00000020       0x20 c:/users/a7med/eclipse/embedcpp-2022-12/eclipse/winavr/bin/../lib/gcc/avr/4.3.3/avr5\libgcc.a(_addsub_sf.o)
 .debug_aranges
                0x00000040       0x20 c:/users/a7med/eclipse/embedcpp-2022-12/eclipse/winavr/bin/../lib/gcc/avr/4.3.3/avr5\libgcc.a(_mul_sf.o)
 .debug_aranges
                0x00000060       0x20 c:/users/a7med/eclipse/embedcpp-2022-12/eclipse/winavr/bin/../lib/gcc/avr/4.3.3/avr5\libgcc.a(_gt_sf.o)
 .debug_aranges
                0x00000080       0x20 c:/users/a7med/eclipse/embedcpp-2022-12/eclipse/winavr/bin/../lib/gcc/avr/4.3.3/avr5\libgcc.a(_ge_sf.o)
 .debug_aranges
                0x000000a0       0x20 c:/users/a7med/eclipse/embedcpp-2022-12/eclipse/winavr/bin/../lib/gcc/avr/4.3.3/avr5\libgcc.a(_lt_sf.o)
 .debug_aranges
                0x000000c0       0x20 c:/users/a7med/eclipse/embedcpp-2022-12/eclipse/winavr/bin/../lib/gcc/avr/4.3.3/avr5\libgcc.a(_sf_to_si.o)
 .debug_aranges
                0x000000e0       0x20 c:/users/a7med/eclipse/embedcpp-2022-12/eclipse/winavr/bin/../lib/gcc/avr/4.3.3/avr5\libgcc.a(_pack_sf.o)
 .debug_aranges
                0x00000100       0x20 c:/users/a7med/eclipse/embedcpp-2022-12/eclipse/winavr/bin/../lib/gcc/avr/4.3.3/avr5\libgcc.a(_unpack_sf.o)
 .debug_aranges
                0x00000120       0x20 c:/users/a7med/eclipse/embedcpp-2022-12/eclipse/winavr/bin/../lib/gcc/avr/4.3.3/avr5\libgcc.a(_fpcmp_parts_sf.o)

.debug_pubnames
                0x00000000      0x170
 *(.debug_pubnames)
 .debug_pubnames
                0x00000000       0x23 c:/users/a7med/eclipse/embedcpp-2022-12/eclipse/winavr/bin/../lib/gcc/avr/4.3.3/avr5\libgcc.a(_fixunssfsi.o)
 .debug_pubnames
                0x00000023       0x2c c:/users/a7med/eclipse/embedcpp-2022-12/eclipse/winavr/bin/../lib/gcc/avr/4.3.3/avr5\libgcc.a(_addsub_sf.o)
 .debug_pubnames
                0x0000004f       0x1f c:/users/a7med/eclipse/embedcpp-2022-12/eclipse/winavr/bin/../lib/gcc/avr/4.3.3/avr5\libgcc.a(_mul_sf.o)
 .debug_pubnames
                0x0000006e       0x1e c:/users/a7med/eclipse/embedcpp-2022-12/eclipse/winavr/bin/../lib/gcc/avr/4.3.3/avr5\libgcc.a(_gt_sf.o)
 .debug_pubnames
                0x0000008c       0x1e c:/users/a7med/eclipse/embedcpp-2022-12/eclipse/winavr/bin/../lib/gcc/avr/4.3.3/avr5\libgcc.a(_ge_sf.o)
 .debug_pubnames
                0x000000aa       0x1e c:/users/a7med/eclipse/embedcpp-2022-12/eclipse/winavr/bin/../lib/gcc/avr/4.3.3/avr5\libgcc.a(_lt_sf.o)
 .debug_pubnames
                0x000000c8       0x20 c:/users/a7med/eclipse/embedcpp-2022-12/eclipse/winavr/bin/../lib/gcc/avr/4.3.3/avr5\libgcc.a(_sf_to_si.o)
 .debug_pubnames
                0x000000e8       0x22 c:/users/a7med/eclipse/embedcpp-2022-12/eclipse/winavr/bin/../lib/gcc/avr/4.3.3/avr5\libgcc.a(_thenan_sf.o)
 .debug_pubnames
                0x0000010a       0x1f c:/users/a7med/eclipse/embedcpp-2022-12/eclipse/winavr/bin/../lib/gcc/avr/4.3.3/avr5\libgcc.a(_pack_sf.o)
 .debug_pubnames
                0x00000129       0x21 c:/users/a7med/eclipse/embedcpp-2022-12/eclipse/winavr/bin/../lib/gcc/avr/4.3.3/avr5\libgcc.a(_unpack_sf.o)
 .debug_pubnames
                0x0000014a       0x26 c:/users/a7med/eclipse/embedcpp-2022-12/eclipse/winavr/bin/../lib/gcc/avr/4.3.3/avr5\libgcc.a(_fpcmp_parts_sf.o)

.debug_info     0x00000000     0x1c49
 *(.debug_info)
 .debug_info    0x00000000       0xb1 c:/users/a7med/eclipse/embedcpp-2022-12/eclipse/winavr/bin/../lib/gcc/avr/4.3.3/avr5\libgcc.a(_fixunssfsi.o)
 .debug_info    0x000000b1      0x47a c:/users/a7med/eclipse/embedcpp-2022-12/eclipse/winavr/bin/../lib/gcc/avr/4.3.3/avr5\libgcc.a(_addsub_sf.o)
 .debug_info    0x0000052b      0x485 c:/users/a7med/eclipse/embedcpp-2022-12/eclipse/winavr/bin/../lib/gcc/avr/4.3.3/avr5\libgcc.a(_mul_sf.o)
 .debug_info    0x000009b0      0x27f c:/users/a7med/eclipse/embedcpp-2022-12/eclipse/winavr/bin/../lib/gcc/avr/4.3.3/avr5\libgcc.a(_gt_sf.o)
 .debug_info    0x00000c2f      0x27f c:/users/a7med/eclipse/embedcpp-2022-12/eclipse/winavr/bin/../lib/gcc/avr/4.3.3/avr5\libgcc.a(_ge_sf.o)
 .debug_info    0x00000eae      0x27f c:/users/a7med/eclipse/embedcpp-2022-12/eclipse/winavr/bin/../lib/gcc/avr/4.3.3/avr5\libgcc.a(_lt_sf.o)
 .debug_info    0x0000112d      0x2b0 c:/users/a7med/eclipse/embedcpp-2022-12/eclipse/winavr/bin/../lib/gcc/avr/4.3.3/avr5\libgcc.a(_sf_to_si.o)
 .debug_info    0x000013dd      0x12c c:/users/a7med/eclipse/embedcpp-2022-12/eclipse/winavr/bin/../lib/gcc/avr/4.3.3/avr5\libgcc.a(_thenan_sf.o)
 .debug_info    0x00001509      0x2df c:/users/a7med/eclipse/embedcpp-2022-12/eclipse/winavr/bin/../lib/gcc/avr/4.3.3/avr5\libgcc.a(_pack_sf.o)
 .debug_info    0x000017e8      0x251 c:/users/a7med/eclipse/embedcpp-2022-12/eclipse/winavr/bin/../lib/gcc/avr/4.3.3/avr5\libgcc.a(_unpack_sf.o)
 .debug_info    0x00001a39      0x210 c:/users/a7med/eclipse/embedcpp-2022-12/eclipse/winavr/bin/../lib/gcc/avr/4.3.3/avr5\libgcc.a(_fpcmp_parts_sf.o)
 *(.gnu.linkonce.wi.*)

.debug_abbrev   0x00000000      0xeeb
 *(.debug_abbrev)
 .debug_abbrev  0x00000000       0x5d c:/users/a7med/eclipse/embedcpp-2022-12/eclipse/winavr/bin/../lib/gcc/avr/4.3.3/avr5\libgcc.a(_fixunssfsi.o)
 .debug_abbrev  0x0000005d      0x1ea c:/users/a7med/eclipse/embedcpp-2022-12/eclipse/winavr/bin/../lib/gcc/avr/4.3.3/avr5\libgcc.a(_addsub_sf.o)
 .debug_abbrev  0x00000247      0x21b c:/users/a7med/eclipse/embedcpp-2022-12/eclipse/winavr/bin/../lib/gcc/avr/4.3.3/avr5\libgcc.a(_mul_sf.o)
 .debug_abbrev  0x00000462      0x15a c:/users/a7med/eclipse/embedcpp-2022-12/eclipse/winavr/bin/../lib/gcc/avr/4.3.3/avr5\libgcc.a(_gt_sf.o)
 .debug_abbrev  0x000005bc      0x15a c:/users/a7med/eclipse/embedcpp-2022-12/eclipse/winavr/bin/../lib/gcc/avr/4.3.3/avr5\libgcc.a(_ge_sf.o)
 .debug_abbrev  0x00000716      0x15a c:/users/a7med/eclipse/embedcpp-2022-12/eclipse/winavr/bin/../lib/gcc/avr/4.3.3/avr5\libgcc.a(_lt_sf.o)
 .debug_abbrev  0x00000870      0x17f c:/users/a7med/eclipse/embedcpp-2022-12/eclipse/winavr/bin/../lib/gcc/avr/4.3.3/avr5\libgcc.a(_sf_to_si.o)
 .debug_abbrev  0x000009ef       0xad c:/users/a7med/eclipse/embedcpp-2022-12/eclipse/winavr/bin/../lib/gcc/avr/4.3.3/avr5\libgcc.a(_thenan_sf.o)
 .debug_abbrev  0x00000a9c      0x1c0 c:/users/a7med/eclipse/embedcpp-2022-12/eclipse/winavr/bin/../lib/gcc/avr/4.3.3/avr5\libgcc.a(_pack_sf.o)
 .debug_abbrev  0x00000c5c      0x154 c:/users/a7med/eclipse/embedcpp-2022-12/eclipse/winavr/bin/../lib/gcc/avr/4.3.3/avr5\libgcc.a(_unpack_sf.o)
 .debug_abbrev  0x00000db0      0x13b c:/users/a7med/eclipse/embedcpp-2022-12/eclipse/winavr/bin/../lib/gcc/avr/4.3.3/avr5\libgcc.a(_fpcmp_parts_sf.o)

.debug_line     0x00000000      0xdad
 *(.debug_line)
 .debug_line    0x00000000       0xa7 c:/users/a7med/eclipse/embedcpp-2022-12/eclipse/winavr/bin/../lib/gcc/avr/4.3.3/avr5\libgcc.a(_fixunssfsi.o)
 .debug_line    0x000000a7      0x2af c:/users/a7med/eclipse/embedcpp-2022-12/eclipse/winavr/bin/../lib/gcc/avr/4.3.3/avr5\libgcc.a(_addsub_sf.o)
 .debug_line    0x00000356      0x239 c:/users/a7med/eclipse/embedcpp-2022-12/eclipse/winavr/bin/../lib/gcc/avr/4.3.3/avr5\libgcc.a(_mul_sf.o)
 .debug_line    0x0000058f       0xd3 c:/users/a7med/eclipse/embedcpp-2022-12/eclipse/winavr/bin/../lib/gcc/avr/4.3.3/avr5\libgcc.a(_gt_sf.o)
 .debug_line    0x00000662       0xd3 c:/users/a7med/eclipse/embedcpp-2022-12/eclipse/winavr/bin/../lib/gcc/avr/4.3.3/avr5\libgcc.a(_ge_sf.o)
 .debug_line    0x00000735       0xd3 c:/users/a7med/eclipse/embedcpp-2022-12/eclipse/winavr/bin/../lib/gcc/avr/4.3.3/avr5\libgcc.a(_lt_sf.o)
 .debug_line    0x00000808      0x109 c:/users/a7med/eclipse/embedcpp-2022-12/eclipse/winavr/bin/../lib/gcc/avr/4.3.3/avr5\libgcc.a(_sf_to_si.o)
 .debug_line    0x00000911       0x90 c:/users/a7med/eclipse/embedcpp-2022-12/eclipse/winavr/bin/../lib/gcc/avr/4.3.3/avr5\libgcc.a(_thenan_sf.o)
 .debug_line    0x000009a1      0x18a c:/users/a7med/eclipse/embedcpp-2022-12/eclipse/winavr/bin/../lib/gcc/avr/4.3.3/avr5\libgcc.a(_pack_sf.o)
 .debug_line    0x00000b2b      0x14b c:/users/a7med/eclipse/embedcpp-2022-12/eclipse/winavr/bin/../lib/gcc/avr/4.3.3/avr5\libgcc.a(_unpack_sf.o)
 .debug_line    0x00000c76      0x137 c:/users/a7med/eclipse/embedcpp-2022-12/eclipse/winavr/bin/../lib/gcc/avr/4.3.3/avr5\libgcc.a(_fpcmp_parts_sf.o)

.debug_frame    0x00000000      0x160
 *(.debug_frame)
 .debug_frame   0x00000000       0x20 c:/users/a7med/eclipse/embedcpp-2022-12/eclipse/winavr/bin/../lib/gcc/avr/4.3.3/avr5\libgcc.a(_fixunssfsi.o)
 .debug_frame   0x00000020       0x40 c:/users/a7med/eclipse/embedcpp-2022-12/eclipse/winavr/bin/../lib/gcc/avr/4.3.3/avr5\libgcc.a(_addsub_sf.o)
 .debug_frame   0x00000060       0x20 c:/users/a7med/eclipse/embedcpp-2022-12/eclipse/winavr/bin/../lib/gcc/avr/4.3.3/avr5\libgcc.a(_mul_sf.o)
 .debug_frame   0x00000080       0x20 c:/users/a7med/eclipse/embedcpp-2022-12/eclipse/winavr/bin/../lib/gcc/avr/4.3.3/avr5\libgcc.a(_gt_sf.o)
 .debug_frame   0x000000a0       0x20 c:/users/a7med/eclipse/embedcpp-2022-12/eclipse/winavr/bin/../lib/gcc/avr/4.3.3/avr5\libgcc.a(_ge_sf.o)
 .debug_frame   0x000000c0       0x20 c:/users/a7med/eclipse/embedcpp-2022-12/eclipse/winavr/bin/../lib/gcc/avr/4.3.3/avr5\libgcc.a(_lt_sf.o)
 .debug_frame   0x000000e0       0x20 c:/users/a7med/eclipse/embedcpp-2022-12/eclipse/winavr/bin/../lib/gcc/avr/4.3.3/avr5\libgcc.a(_sf_to_si.o)
 .debug_frame   0x00000100       0x20 c:/users/a7med/eclipse/embedcpp-2022-12/eclipse/winavr/bin/../lib/gcc/avr/4.3.3/avr5\libgcc.a(_pack_sf.o)
 .debug_frame   0x00000120       0x20 c:/users/a7med/eclipse/embedcpp-2022-12/eclipse/winavr/bin/../lib/gcc/avr/4.3.3/avr5\libgcc.a(_unpack_sf.o)
 .debug_frame   0x00000140       0x20 c:/users/a7med/eclipse/embedcpp-2022-12/eclipse/winavr/bin/../lib/gcc/avr/4.3.3/avr5\libgcc.a(_fpcmp_parts_sf.o)

.debug_str      0x00000000      0x28d
 *(.debug_str)
 .debug_str     0x00000000       0xbf c:/users/a7med/eclipse/embedcpp-2022-12/eclipse/winavr/bin/../lib/gcc/avr/4.3.3/avr5\libgcc.a(_fixunssfsi.o)
                                 0xfe (size before relaxing)
 .debug_str     0x000000bf      0x14d c:/users/a7med/eclipse/embedcpp-2022-12/eclipse/winavr/bin/../lib/gcc/avr/4.3.3/avr5\libgcc.a(_addsub_sf.o)
                                0x206 (size before relaxing)
 .debug_str     0x0000020c       0x27 c:/users/a7med/eclipse/embedcpp-2022-12/eclipse/winavr/bin/../lib/gcc/avr/4.3.3/avr5\libgcc.a(_mul_sf.o)
                                0x1bf (size before relaxing)
 .debug_str     0x00000233        0xf c:/users/a7med/eclipse/embedcpp-2022-12/eclipse/winavr/bin/../lib/gcc/avr/4.3.3/avr5\libgcc.a(_gt_sf.o)
                                0x195 (size before relaxing)
 .debug_str     0x00000242        0x8 c:/users/a7med/eclipse/embedcpp-2022-12/eclipse/winavr/bin/../lib/gcc/avr/4.3.3/avr5\libgcc.a(_ge_sf.o)
                                0x195 (size before relaxing)
 .debug_str     0x0000024a        0x8 c:/users/a7med/eclipse/embedcpp-2022-12/eclipse/winavr/bin/../lib/gcc/avr/4.3.3/avr5\libgcc.a(_lt_sf.o)
                                0x195 (size before relaxing)
 .debug_str     0x00000252        0xa c:/users/a7med/eclipse/embedcpp-2022-12/eclipse/winavr/bin/../lib/gcc/avr/4.3.3/avr5\libgcc.a(_sf_to_si.o)
                                0x19e (size before relaxing)
 .debug_str     0x00000000      0x103 c:/users/a7med/eclipse/embedcpp-2022-12/eclipse/winavr/bin/../lib/gcc/avr/4.3.3/avr5\libgcc.a(_thenan_sf.o)
 .debug_str     0x0000025c       0x16 c:/users/a7med/eclipse/embedcpp-2022-12/eclipse/winavr/bin/../lib/gcc/avr/4.3.3/avr5\libgcc.a(_pack_sf.o)
                                0x19d (size before relaxing)
 .debug_str     0x00000272        0xb c:/users/a7med/eclipse/embedcpp-2022-12/eclipse/winavr/bin/../lib/gcc/avr/4.3.3/avr5\libgcc.a(_unpack_sf.o)
                                0x17f (size before relaxing)
 .debug_str     0x0000027d       0x10 c:/users/a7med/eclipse/embedcpp-2022-12/eclipse/winavr/bin/../lib/gcc/avr/4.3.3/avr5\libgcc.a(_fpcmp_parts_sf.o)
                                0x163 (size before relaxing)

.debug_loc      0x00000000      0x7ce
 *(.debug_loc)
 .debug_loc     0x00000000       0x34 c:/users/a7med/eclipse/embedcpp-2022-12/eclipse/winavr/bin/../lib/gcc/avr/4.3.3/avr5\libgcc.a(_fixunssfsi.o)
 .debug_loc     0x00000034      0x32a c:/users/a7med/eclipse/embedcpp-2022-12/eclipse/winavr/bin/../lib/gcc/avr/4.3.3/avr5\libgcc.a(_addsub_sf.o)
 .debug_loc     0x0000035e      0x104 c:/users/a7med/eclipse/embedcpp-2022-12/eclipse/winavr/bin/../lib/gcc/avr/4.3.3/avr5\libgcc.a(_mul_sf.o)
 .debug_loc     0x00000462       0x3c c:/users/a7med/eclipse/embedcpp-2022-12/eclipse/winavr/bin/../lib/gcc/avr/4.3.3/avr5\libgcc.a(_gt_sf.o)
 .debug_loc     0x0000049e       0x3c c:/users/a7med/eclipse/embedcpp-2022-12/eclipse/winavr/bin/../lib/gcc/avr/4.3.3/avr5\libgcc.a(_ge_sf.o)
 .debug_loc     0x000004da       0x3c c:/users/a7med/eclipse/embedcpp-2022-12/eclipse/winavr/bin/../lib/gcc/avr/4.3.3/avr5\libgcc.a(_lt_sf.o)
 .debug_loc     0x00000516       0x7e c:/users/a7med/eclipse/embedcpp-2022-12/eclipse/winavr/bin/../lib/gcc/avr/4.3.3/avr5\libgcc.a(_sf_to_si.o)
 .debug_loc     0x00000594      0x13e c:/users/a7med/eclipse/embedcpp-2022-12/eclipse/winavr/bin/../lib/gcc/avr/4.3.3/avr5\libgcc.a(_pack_sf.o)
 .debug_loc     0x000006d2       0xac c:/users/a7med/eclipse/embedcpp-2022-12/eclipse/winavr/bin/../lib/gcc/avr/4.3.3/avr5\libgcc.a(_unpack_sf.o)
 .debug_loc     0x0000077e       0x50 c:/users/a7med/eclipse/embedcpp-2022-12/eclipse/winavr/bin/../lib/gcc/avr/4.3.3/avr5\libgcc.a(_fpcmp_parts_sf.o)

.debug_macinfo
 *(.debug_macinfo)
OUTPUT(medo.elf elf32-avr)
LOAD linker stubs

.debug_ranges   0x00000000       0x50
 .debug_ranges  0x00000000       0x50 c:/users/a7med/eclipse/embedcpp-2022-12/eclipse/winavr/bin/../lib/gcc/avr/4.3.3/avr5\libgcc.a(_mul_sf.o)
